> ######################## Non-spatial Regression ########################
> 
> ######################## OLS Model ########################
> start.time.lm <- Sys.time()
> #reg.lm = lm(formula, MT10.Scaled)
> reg.lm = lm(formula, MT10_scaled_lasso)
> end.time.lm <- Sys.time()
> time.taken.lm <- end.time.lm - start.time.lm
> time.taken.lm
Time difference of 0.01871514 secs
> 
> summary(reg.lm)

Call:
lm(formula = formula, data = MT10_scaled_lasso)

Residuals:
    Min      1Q  Median      3Q     Max 
-283.52  -62.32  -12.01   46.15  621.90 

Coefficients:
                                                  Estimate Std. Error t value
(Intercept)                                        195.306      1.759 111.014
R_INTERNATIONAL_MIG_2018                             5.357      1.972   2.716
Median_Household_Income_2018                       -17.255      2.815  -6.129
Density_per_square_mile_of_land_area_Population      7.653      1.981   3.864
Active_Physicians_per_100000_Population_2018_AAMC   -6.539      2.181  -2.998
Total_nurse_practitioners_2019                       5.191      2.129   2.438
Mean_Annual_Precipitation                          -11.899      2.492  -4.775
Annual_Mean_Range_Temp                               8.336      2.546   3.274
Cardiovascular_diseases_Mortality_Rate_2014         31.006      3.120   9.937
Hypertensive_heart_disease_Mortality_Rate_2014       4.850      2.096   2.313
Leukemia_Mortality_Rate_2014                        13.052      2.331   5.599
Chronic_respiratory_diseases_Mortality_Rate_2014   -21.276      2.609  -8.154
Asthma_Mortality_Rate_2014                           1.747      2.137   0.817
percent_fair_or_poor_health                         14.273      3.826   3.731
percent_smokers                                     -8.404      3.329  -2.524
percent_physically_inactive                         14.025      2.539   5.524
percent_adults_with_diabetes                         7.610      2.270   3.352
percent_insufficient_sleep                         -12.267      2.925  -4.193
                                                              Pr(>|t|)    
(Intercept)                                       < 0.0000000000000002 ***
R_INTERNATIONAL_MIG_2018                                      0.006637 ** 
Median_Household_Income_2018                      0.000000000993297624 ***
Density_per_square_mile_of_land_area_Population               0.000114 ***
Active_Physicians_per_100000_Population_2018_AAMC             0.002741 ** 
Total_nurse_practitioners_2019                                0.014808 *  
Mean_Annual_Precipitation                         0.000001876432142577 ***
Annual_Mean_Range_Temp                                        0.001072 ** 
Cardiovascular_diseases_Mortality_Rate_2014       < 0.0000000000000002 ***
Hypertensive_heart_disease_Mortality_Rate_2014                0.020760 *  
Leukemia_Mortality_Rate_2014                      0.000000023488922807 ***
Chronic_respiratory_diseases_Mortality_Rate_2014  0.000000000000000507 ***
Asthma_Mortality_Rate_2014                                    0.413729    
percent_fair_or_poor_health                                   0.000194 ***
percent_smokers                                               0.011642 *  
percent_physically_inactive                       0.000000035947799311 ***
percent_adults_with_diabetes                                  0.000811 ***
percent_insufficient_sleep                        0.000028281890736409 ***
---
Signif. codes:  0 ‘***’ 0.001 ‘**’ 0.01 ‘*’ 0.05 ‘.’ 0.1 ‘ ’ 1

Residual standard error: 98.47 on 3115 degrees of freedom
Multiple R-squared:  0.2484,	Adjusted R-squared:  0.2443 
F-statistic: 60.55 on 17 and 3115 DF,  p-value: < 0.00000000000000022

> 
> #Extract coefficients
> as.matrix(summary(reg.lm)$coefficients[,1])
                                                        [,1]
(Intercept)                                       195.305552
R_INTERNATIONAL_MIG_2018                            5.356658
Median_Household_Income_2018                      -17.255077
Density_per_square_mile_of_land_area_Population     7.653066
Active_Physicians_per_100000_Population_2018_AAMC  -6.539487
Total_nurse_practitioners_2019                      5.191155
Mean_Annual_Precipitation                         -11.898899
Annual_Mean_Range_Temp                              8.335502
Cardiovascular_diseases_Mortality_Rate_2014        31.006110
Hypertensive_heart_disease_Mortality_Rate_2014      4.849956
Leukemia_Mortality_Rate_2014                       13.051688
Chronic_respiratory_diseases_Mortality_Rate_2014  -21.275638
Asthma_Mortality_Rate_2014                          1.747106
percent_fair_or_poor_health                        14.273484
percent_smokers                                    -8.404279
percent_physically_inactive                        14.024949
percent_adults_with_diabetes                        7.609827
percent_insufficient_sleep                        -12.266760
> #Extract p-values
> as.matrix(summary(reg.lm)$coefficients[,4])
                                                                             [,1]
(Intercept)                                       0.00000000000000000000000000000
R_INTERNATIONAL_MIG_2018                          0.00663690871811896138804387490
Median_Household_Income_2018                      0.00000000099329762415678711802
Density_per_square_mile_of_land_area_Population   0.00011372214748443461079709799
Active_Physicians_per_100000_Population_2018_AAMC 0.00274073247961979619968797550
Total_nurse_practitioners_2019                    0.01480760125747387218053674474
Mean_Annual_Precipitation                         0.00000187643214257656099647892
Annual_Mean_Range_Temp                            0.00107164749298411013898879585
Cardiovascular_diseases_Mortality_Rate_2014       0.00000000000000000000006303697
Hypertensive_heart_disease_Mortality_Rate_2014    0.02076043969075068093554925497
Leukemia_Mortality_Rate_2014                      0.00000002348892280660194483224
Chronic_respiratory_diseases_Mortality_Rate_2014  0.00000000000000050660782935696
Asthma_Mortality_Rate_2014                        0.41372875296724942462134322341
percent_fair_or_poor_health                       0.00019413268306400877452090603
percent_smokers                                   0.01164243074444286721313979172
percent_physically_inactive                       0.00000003594779931066836928776
percent_adults_with_diabetes                      0.00081106217951291341254627110
percent_insufficient_sleep                        0.00002828189073640926563986409
> 
> #Calculating Mean squared error
> OLS.MSE = mean(reg.lm$residuals^2)
> OLS.MSE
[1] 9641.288
> 
> library(regclass)  #To run VIF(Variance inflation factor)
> VIFs = as.matrix(VIF(reg.lm))  #To see multicolinearity between explanatory variables
> VIFs
                                                      [,1]
R_INTERNATIONAL_MIG_2018                          1.256024
Median_Household_Income_2018                      2.559715
Density_per_square_mile_of_land_area_Population   1.266877
Active_Physicians_per_100000_Population_2018_AAMC 1.536961
Total_nurse_practitioners_2019                    1.463859
Mean_Annual_Precipitation                         2.005309
Annual_Mean_Range_Temp                            2.093480
Cardiovascular_diseases_Mortality_Rate_2014       3.144862
Hypertensive_heart_disease_Mortality_Rate_2014    1.419463
Leukemia_Mortality_Rate_2014                      1.755347
Chronic_respiratory_diseases_Mortality_Rate_2014  2.199151
Asthma_Mortality_Rate_2014                        1.475336
percent_fair_or_poor_health                       4.727118
percent_smokers                                   3.580188
percent_physically_inactive                       2.082311
percent_adults_with_diabetes                      1.664385
percent_insufficient_sleep                        2.764211
> 
> #Spatial correlation for the residuals (Moran's I test),
> #The null hypothesis states that there is no spatial correlation in the residuals
> lm.morantest(reg.lm, listw1, zero.policy = TRUE)

	Global Moran I for regression residuals

data:  
model: lm(formula = formula, data = MT10_scaled_lasso)
weights: listw1

Moran I statistic standard deviate = 27.687, p-value < 0.00000000000000022
alternative hypothesis: greater
sample estimates:
Observed Moran I      Expectation         Variance 
    0.2981600253    -0.0030176491     0.0001183323 

> 
> #Lagrange multiplier tests state that how much the model will improve in fitting
> #if we ran a specific spatial model that is included in the LM test name.
> #In robust versions the interpretation is similar except that we filter out the
> #false positives for that test model, cause and a lag model can be a false positive for
> #an error model and vice versa, because the data generating procedure is similar
> #for those type of models.
> #Note that R is not capable of running the SARMA model.
> lm.LMtests(reg.lm, listw1, test = c("LMerr", "LMlag", "RLMerr", "RLMlag", "SARMA")
+            ,zero.policy = TRUE)

	Lagrange multiplier diagnostics for spatial dependence

data:  
model: lm(formula = formula, data = MT10_scaled_lasso)
weights: listw1

LMerr = 742.91, df = 1, p-value < 0.00000000000000022


	Lagrange multiplier diagnostics for spatial dependence

data:  
model: lm(formula = formula, data = MT10_scaled_lasso)
weights: listw1

LMlag = 803.99, df = 1, p-value < 0.00000000000000022


	Lagrange multiplier diagnostics for spatial dependence

data:  
model: lm(formula = formula, data = MT10_scaled_lasso)
weights: listw1

RLMerr = 8.2189, df = 1, p-value = 0.004146


	Lagrange multiplier diagnostics for spatial dependence

data:  
model: lm(formula = formula, data = MT10_scaled_lasso)
weights: listw1

RLMlag = 69.298, df = 1, p-value < 0.00000000000000022


	Lagrange multiplier diagnostics for spatial dependence

data:  
model: lm(formula = formula, data = MT10_scaled_lasso)
weights: listw1

SARMA = 812.2, df = 2, p-value < 0.00000000000000022

> ######################## Spatial Regression ########################
> 
> ######################## Manski Model ########################
> #Manski All-inclusive Model: y=pWy+Xß+WXT+u,   u=LWu+e (not recommended)
> start.time.Manski <- Sys.time()
> #reg.Manski = sacsarlm(formula, MT10.Scaled, listw1, type = "sacmixed", zero.policy = TRUE)
> reg.Manski = sacsarlm(formula, MT10_scaled_lasso, listw1, type = "sacmixed", zero.policy = TRUE)
> end.time.Manski <- Sys.time()
> time.taken.Manski <- end.time.Manski - start.time.Manski
> time.taken.Manski
Time difference of 13.00184 mins
> 
> summary(reg.Manski)

Call:sacsarlm(formula = formula, data = MT10_scaled_lasso, listw = listw1, 
    type = "sacmixed", zero.policy = TRUE)

Residuals:
      Min        1Q    Median        3Q       Max 
-324.7230  -44.0590   -8.7396   34.0145  530.1310 

Type: sacmixed 
Coefficients: (asymptotic standard errors) 
                                                       Estimate Std. Error z value
(Intercept)                                            40.10489    3.83040 10.4702
R_INTERNATIONAL_MIG_2018                               -1.13695    1.80269 -0.6307
Median_Household_Income_2018                          -16.65645    3.43571 -4.8480
Density_per_square_mile_of_land_area_Population        -4.22525    2.95872 -1.4281
Active_Physicians_per_100000_Population_2018_AAMC      -3.14654    5.15045 -0.6109
Total_nurse_practitioners_2019                          2.14271    2.12144  1.0100
Mean_Annual_Precipitation                               3.69469    6.49521  0.5688
Annual_Mean_Range_Temp                                  0.26246    5.81368  0.0451
Cardiovascular_diseases_Mortality_Rate_2014            25.14004    3.34627  7.5128
Hypertensive_heart_disease_Mortality_Rate_2014          0.66048    2.11323  0.3125
Leukemia_Mortality_Rate_2014                            0.32223    2.84936  0.1131
Chronic_respiratory_diseases_Mortality_Rate_2014        1.38966    3.11342  0.4463
Asthma_Mortality_Rate_2014                              6.50436    3.08259  2.1100
percent_fair_or_poor_health                            21.23318    5.38057  3.9463
percent_smokers                                       -15.26121    4.70028 -3.2469
percent_physically_inactive                             2.61463    2.40017  1.0894
percent_adults_with_diabetes                            6.36540    1.98818  3.2016
percent_insufficient_sleep                            -10.35739    3.98180 -2.6012
lag.R_INTERNATIONAL_MIG_2018                            9.04597    2.93125  3.0860
lag.Median_Household_Income_2018                        9.83875    4.33801  2.2680
lag.Density_per_square_mile_of_land_area_Population     8.41686    3.78606  2.2231
lag.Active_Physicians_per_100000_Population_2018_AAMC   1.76304    5.50734  0.3201
lag.Total_nurse_practitioners_2019                     -0.66626    3.04476 -0.2188
lag.Mean_Annual_Precipitation                          -7.57989    6.95213 -1.0903
lag.Annual_Mean_Range_Temp                              4.90705    6.32297  0.7761
lag.Cardiovascular_diseases_Mortality_Rate_2014       -15.25666    4.59544 -3.3200
lag.Hypertensive_heart_disease_Mortality_Rate_2014      1.03531    2.96849  0.3488
lag.Leukemia_Mortality_Rate_2014                        4.52152    3.53859  1.2778
lag.Chronic_respiratory_diseases_Mortality_Rate_2014  -13.46721    4.04027 -3.3332
lag.Asthma_Mortality_Rate_2014                         -7.67685    3.60212 -2.1312
lag.percent_fair_or_poor_health                       -24.07623    6.19036 -3.8893
lag.percent_smokers                                    17.63463    5.35794  3.2913
lag.percent_physically_inactive                         1.74597    3.54591  0.4924
lag.percent_adults_with_diabetes                        0.93841    3.46017  0.2712
lag.percent_insufficient_sleep                          6.99661    4.53019  1.5444
                                                                   Pr(>|z|)
(Intercept)                                           < 0.00000000000000022
R_INTERNATIONAL_MIG_2018                                          0.5282376
Median_Household_Income_2018                            0.00000124692166414
Density_per_square_mile_of_land_area_Population                   0.1532727
Active_Physicians_per_100000_Population_2018_AAMC                 0.5412484
Total_nurse_practitioners_2019                                    0.3124824
Mean_Annual_Precipitation                                         0.5694697
Annual_Mean_Range_Temp                                            0.9639910
Cardiovascular_diseases_Mortality_Rate_2014             0.00000000000005795
Hypertensive_heart_disease_Mortality_Rate_2014                    0.7546252
Leukemia_Mortality_Rate_2014                                      0.9099604
Chronic_respiratory_diseases_Mortality_Rate_2014                  0.6553482
Asthma_Mortality_Rate_2014                                        0.0348558
percent_fair_or_poor_health                             0.00007937763083121
percent_smokers                                                   0.0011668
percent_physically_inactive                                       0.2759977
percent_adults_with_diabetes                                      0.0013666
percent_insufficient_sleep                                        0.0092903
lag.R_INTERNATIONAL_MIG_2018                                      0.0020284
lag.Median_Household_Income_2018                                  0.0233273
lag.Density_per_square_mile_of_land_area_Population               0.0262079
lag.Active_Physicians_per_100000_Population_2018_AAMC             0.7488734
lag.Total_nurse_practitioners_2019                                0.8267878
lag.Mean_Annual_Precipitation                                     0.2755820
lag.Annual_Mean_Range_Temp                                        0.4377092
lag.Cardiovascular_diseases_Mortality_Rate_2014                   0.0009003
lag.Hypertensive_heart_disease_Mortality_Rate_2014                0.7272642
lag.Leukemia_Mortality_Rate_2014                                  0.2013295
lag.Chronic_respiratory_diseases_Mortality_Rate_2014              0.0008584
lag.Asthma_Mortality_Rate_2014                                    0.0330727
lag.percent_fair_or_poor_health                                   0.0001005
lag.percent_smokers                                               0.0009972
lag.percent_physically_inactive                                   0.6224441
lag.percent_adults_with_diabetes                                  0.7862358
lag.percent_insufficient_sleep                                    0.1224818

Rho: 0.7958
Asymptotic standard error: 0.019004
    z-value: 41.874, p-value: < 0.000000000000000222
Lambda: -0.62716
Asymptotic standard error: 0.045797
    z-value: -13.694, p-value: < 0.000000000000000222

LR test value: 790.28, p-value: < 0.000000000000000222

Log likelihood: -18421.17 for sacmixed model
ML residual variance (sigma squared): 5947.9, (sigma: 77.122)
Number of observations: 3133 
Number of parameters estimated: 38 
AIC: 36918, (AIC for lm: 37671)

> 
> #Calculating Pseudo-R^2
> Manski.R_squared = 1-(sum(reg.Manski$residuals^2)/((sd(MT10$Mortality_Rate, na.rm = TRUE)^2)*
+                                                      (length(MT10$Mortality_Rate)-1)))
> 
> #Calculating Mean squared error
> Manski.MSE = mean(reg.Manski$residuals^2)
> 
> Manski.R_squared
[1] 0.5385709
> Manski.MSE
[1] 5947.875
> 
> #Moran's I test for residuals
> moran.mc(reg.Manski$residuals, listw1, 500, zero.policy = TRUE)

	Monte-Carlo simulation of Moran I

data:  reg.Manski$residuals 
weights: listw1  
number of simulations + 1: 501 

statistic = -0.0070629, observed rank = 136, p-value = 0.7285
alternative hypothesis: greater

> ######################## SLX Model ########################
> #p=rho, T=theta, and L=lambda
> #SLX Spatially Lagged X y=Xß+WXT+e
> start.time.SLX <- Sys.time()
> #reg.SLX = lmSLX(formula, MT10.Scaled, listw1, zero.policy = TRUE)
> reg.SLX = lmSLX(formula, MT10_scaled_lasso, listw1, zero.policy = TRUE)
> end.time.SLX <- Sys.time()
> time.taken.SLX <- end.time.SLX - start.time.SLX
> time.taken.SLX
Time difference of 0.1619661 secs
> 
> summary(reg.SLX)

Call:
lm(formula = formula(paste("y ~ ", paste(colnames(x)[-1], collapse = "+"))), 
    data = as.data.frame(x), weights = weights)

Residuals:
    Min      1Q  Median      3Q     Max 
-253.80  -58.41  -11.86   43.70  603.08 

Coefficients:
                                                      Estimate Std. Error t value
(Intercept)                                            195.215      1.720 113.520
R_INTERNATIONAL_MIG_2018                                 1.675      2.022   0.829
Median_Household_Income_2018                           -18.312      3.804  -4.813
Density_per_square_mile_of_land_area_Population         -1.902      3.102  -0.613
Active_Physicians_per_100000_Population_2018_AAMC       -9.383      6.130  -1.531
Total_nurse_practitioners_2019                           3.736      2.310   1.617
Mean_Annual_Precipitation                                5.281      7.369   0.717
Annual_Mean_Range_Temp                                   9.575      7.121   1.345
Cardiovascular_diseases_Mortality_Rate_2014             26.397      3.728   7.081
Hypertensive_heart_disease_Mortality_Rate_2014           1.784      2.345   0.761
Leukemia_Mortality_Rate_2014                             3.153      3.143   1.003
Chronic_respiratory_diseases_Mortality_Rate_2014        -2.173      3.455  -0.629
Asthma_Mortality_Rate_2014                               4.065      3.377   1.204
percent_fair_or_poor_health                             16.971      5.905   2.874
percent_smokers                                        -13.544      5.132  -2.639
percent_physically_inactive                              6.618      2.651   2.497
percent_adults_with_diabetes                             7.372      2.250   3.277
percent_insufficient_sleep                             -11.310      4.286  -2.639
lag.R_INTERNATIONAL_MIG_2018                            23.082      4.064   5.679
lag.Median_Household_Income_2018                        -6.175      5.462  -1.131
lag.Density_per_square_mile_of_land_area_Population     13.473      4.083   3.300
lag.Active_Physicians_per_100000_Population_2018_AAMC    4.586      6.774   0.677
lag.Total_nurse_practitioners_2019                       4.640      3.929   1.181
lag.Mean_Annual_Precipitation                          -21.482      8.106  -2.650
lag.Annual_Mean_Range_Temp                               8.447      8.078   1.046
lag.Cardiovascular_diseases_Mortality_Rate_2014         13.113      5.984   2.191
lag.Hypertensive_heart_disease_Mortality_Rate_2014       7.992      3.976   2.010
lag.Leukemia_Mortality_Rate_2014                        19.397      4.460   4.349
lag.Chronic_respiratory_diseases_Mortality_Rate_2014   -42.566      5.061  -8.411
lag.Asthma_Mortality_Rate_2014                          -9.018      4.357  -2.070
lag.percent_fair_or_poor_health                        -16.849      7.589  -2.220
lag.percent_smokers                                     13.354      6.382   2.092
lag.percent_physically_inactive                         21.947      4.779   4.593
lag.percent_adults_with_diabetes                         9.976      4.826   2.067
lag.percent_insufficient_sleep                          -3.200      5.467  -0.585
                                                                  Pr(>|t|)    
(Intercept)                                           < 0.0000000000000002 ***
R_INTERNATIONAL_MIG_2018                                          0.407367    
Median_Household_Income_2018                              0.00000155470982 ***
Density_per_square_mile_of_land_area_Population                   0.539801    
Active_Physicians_per_100000_Population_2018_AAMC                 0.125936    
Total_nurse_practitioners_2019                                    0.105925    
Mean_Annual_Precipitation                                         0.473664    
Annual_Mean_Range_Temp                                            0.178869    
Cardiovascular_diseases_Mortality_Rate_2014               0.00000000000177 ***
Hypertensive_heart_disease_Mortality_Rate_2014                    0.446856    
Leukemia_Mortality_Rate_2014                                      0.315882    
Chronic_respiratory_diseases_Mortality_Rate_2014                  0.529481    
Asthma_Mortality_Rate_2014                                        0.228741    
percent_fair_or_poor_health                                       0.004079 ** 
percent_smokers                                                   0.008355 ** 
percent_physically_inactive                                       0.012591 *  
percent_adults_with_diabetes                                      0.001061 ** 
percent_insufficient_sleep                                        0.008358 ** 
lag.R_INTERNATIONAL_MIG_2018                              0.00000001481193 ***
lag.Median_Household_Income_2018                                  0.258282    
lag.Density_per_square_mile_of_land_area_Population               0.000978 ***
lag.Active_Physicians_per_100000_Population_2018_AAMC             0.498477    
lag.Total_nurse_practitioners_2019                                0.237785    
lag.Mean_Annual_Precipitation                                     0.008087 ** 
lag.Annual_Mean_Range_Temp                                        0.295798    
lag.Cardiovascular_diseases_Mortality_Rate_2014                   0.028493 *  
lag.Hypertensive_heart_disease_Mortality_Rate_2014                0.044532 *  
lag.Leukemia_Mortality_Rate_2014                          0.00001412309922 ***
lag.Chronic_respiratory_diseases_Mortality_Rate_2014  < 0.0000000000000002 ***
lag.Asthma_Mortality_Rate_2014                                    0.038570 *  
lag.percent_fair_or_poor_health                                   0.026490 *  
lag.percent_smokers                                               0.036484 *  
lag.percent_physically_inactive                           0.00000455235594 ***
lag.percent_adults_with_diabetes                                  0.038792 *  
lag.percent_insufficient_sleep                                    0.558346    
---
Signif. codes:  0 ‘***’ 0.001 ‘**’ 0.01 ‘*’ 0.05 ‘.’ 0.1 ‘ ’ 1

Residual standard error: 95.85 on 3098 degrees of freedom
Multiple R-squared:  0.2918,	Adjusted R-squared:  0.284 
F-statistic: 37.55 on 34 and 3098 DF,  p-value: < 0.00000000000000022

> 
> #Calculating Pseudo-R^2
> SLX.R_squared = 1-(sum(reg.SLX$residuals^2)/((sd(MT10$Mortality_Rate, na.rm = TRUE)^2)*
+                                                (length(MT10$Mortality_Rate)-1)))
> 
> #Calculating Mean Squared error
> SLX.MSE = mean(reg.SLX$residuals^2)
> 
> SLX.R_squared
[1] 0.2952612
> SLX.MSE
[1] 9084.167
> 
> #Anything with SLX in it: Also need to think about total impact (Direct+Indirect)
> #Lags are indirect effects
> #You must use the "impacts" Command:
> impacts(reg.SLX,listw = listw1)
Impact measures (SlX, estimable):
                                                      Direct   Indirect       Total
R_INTERNATIONAL_MIG_2018                            1.675478  23.081690  24.7571679
Median_Household_Income_2018                      -18.311978  -6.175297 -24.4872749
Density_per_square_mile_of_land_area_Population    -1.902360  13.473169  11.5708089
Active_Physicians_per_100000_Population_2018_AAMC  -9.382955   4.586070  -4.7968851
Total_nurse_practitioners_2019                      3.736487   4.639793   8.3762796
Mean_Annual_Precipitation                           5.280772 -21.481870 -16.2010984
Annual_Mean_Range_Temp                              9.574969   8.446776  18.0217449
Cardiovascular_diseases_Mortality_Rate_2014        26.397226  13.112809  39.5100350
Hypertensive_heart_disease_Mortality_Rate_2014      1.783856   7.991984   9.7758402
Leukemia_Mortality_Rate_2014                        3.152877  19.396546  22.5494231
Chronic_respiratory_diseases_Mortality_Rate_2014   -2.172814 -42.565862 -44.7386756
Asthma_Mortality_Rate_2014                          4.064992  -9.017993  -4.9530014
percent_fair_or_poor_health                        16.970894 -16.848645   0.1222496
percent_smokers                                   -13.544143  13.353615  -0.1905278
percent_physically_inactive                         6.617777  21.947156  28.5649330
percent_adults_with_diabetes                        7.371718   9.976476  17.3481933
percent_insufficient_sleep                        -11.309889  -3.199955 -14.5098439

> 
> #To see if there total effects are statistically significant me must get a summary
> #out of the impact function above.
> #Add zstats,pvals; R=500 not needed for SLX but needed for a lagged y.
> #R value option is for simulation repetitions
> summary(impacts(reg.SLX, listw = listw1, R = 500), zstats = TRUE)
Impact measures (SlX, estimable, n-k):
                                                      Direct   Indirect       Total
R_INTERNATIONAL_MIG_2018                            1.675478  23.081690  24.7571679
Median_Household_Income_2018                      -18.311978  -6.175297 -24.4872749
Density_per_square_mile_of_land_area_Population    -1.902360  13.473169  11.5708089
Active_Physicians_per_100000_Population_2018_AAMC  -9.382955   4.586070  -4.7968851
Total_nurse_practitioners_2019                      3.736487   4.639793   8.3762796
Mean_Annual_Precipitation                           5.280772 -21.481870 -16.2010984
Annual_Mean_Range_Temp                              9.574969   8.446776  18.0217449
Cardiovascular_diseases_Mortality_Rate_2014        26.397226  13.112809  39.5100350
Hypertensive_heart_disease_Mortality_Rate_2014      1.783856   7.991984   9.7758402
Leukemia_Mortality_Rate_2014                        3.152877  19.396546  22.5494231
Chronic_respiratory_diseases_Mortality_Rate_2014   -2.172814 -42.565862 -44.7386756
Asthma_Mortality_Rate_2014                          4.064992  -9.017993  -4.9530014
percent_fair_or_poor_health                        16.970894 -16.848645   0.1222496
percent_smokers                                   -13.544143  13.353615  -0.1905278
percent_physically_inactive                         6.617777  21.947156  28.5649330
percent_adults_with_diabetes                        7.371718   9.976476  17.3481933
percent_insufficient_sleep                        -11.309889  -3.199955 -14.5098439
========================================================
Standard errors:
                                                    Direct Indirect    Total
R_INTERNATIONAL_MIG_2018                          2.021942 4.064479 4.056145
Median_Household_Income_2018                      3.804357 5.461633 4.348396
Density_per_square_mile_of_land_area_Population   3.102441 4.082777 2.661749
Active_Physicians_per_100000_Population_2018_AAMC 6.129682 6.774424 2.605498
Total_nurse_practitioners_2019                    2.310389 3.929467 3.661998
Mean_Annual_Precipitation                         7.369025 8.105913 2.928988
Annual_Mean_Range_Temp                            7.121316 8.077917 3.058053
Cardiovascular_diseases_Mortality_Rate_2014       3.728012 5.983592 5.123937
Hypertensive_heart_disease_Mortality_Rate_2014    2.344823 3.976371 3.570729
Leukemia_Mortality_Rate_2014                      3.143075 4.460100 3.355377
Chronic_respiratory_diseases_Mortality_Rate_2014  3.455110 5.060902 3.859180
Asthma_Mortality_Rate_2014                        3.376669 4.357298 2.894329
percent_fair_or_poor_health                       5.904744 7.589430 5.314229
percent_smokers                                   5.132174 6.381956 4.290309
percent_physically_inactive                       2.650733 4.778825 4.731359
percent_adults_with_diabetes                      2.249662 4.825917 5.067369
percent_insufficient_sleep                        4.285787 5.466618 3.927097
========================================================
Z-values:
                                                      Direct   Indirect        Total
R_INTERNATIONAL_MIG_2018                           0.8286480  5.6788808   6.10361936
Median_Household_Income_2018                      -4.8134226 -1.1306687  -5.63133470
Density_per_square_mile_of_land_area_Population   -0.6131816  3.3000012   4.34707032
Active_Physicians_per_100000_Population_2018_AAMC -1.5307409  0.6769683  -1.84106231
Total_nurse_practitioners_2019                     1.6172541  1.1807689   2.28735233
Mean_Annual_Precipitation                          0.7166174 -2.6501481  -5.53129549
Annual_Mean_Range_Temp                             1.3445504  1.0456627   5.89320887
Cardiovascular_diseases_Mortality_Rate_2014        7.0807782  2.1914609   7.71087449
Hypertensive_heart_disease_Mortality_Rate_2014     0.7607637  2.0098688   2.73777132
Leukemia_Mortality_Rate_2014                       1.0031186  4.3489044   6.72038505
Chronic_respiratory_diseases_Mortality_Rate_2014  -0.6288698 -8.4107259 -11.59279448
Asthma_Mortality_Rate_2014                         1.2038467 -2.0696297  -1.71127765
percent_fair_or_poor_health                        2.8741120 -2.2200145   0.02300420
percent_smokers                                   -2.6390652  2.0924015  -0.04440887
percent_physically_inactive                        2.4965842  4.5925837   6.03736307
percent_adults_with_diabetes                       3.2768116  2.0672703   3.42351130
percent_insufficient_sleep                        -2.6389292 -0.5853628  -3.69480187

p-values:
                                                  Direct            
R_INTERNATIONAL_MIG_2018                          0.4073036         
Median_Household_Income_2018                      0.0000014836708724
Density_per_square_mile_of_land_area_Population   0.5397563         
Active_Physicians_per_100000_Population_2018_AAMC 0.1258334         
Total_nurse_practitioners_2019                    0.1058234         
Mean_Annual_Precipitation                         0.4736102         
Annual_Mean_Range_Temp                            0.1787705         
Cardiovascular_diseases_Mortality_Rate_2014       0.0000000000014335
Hypertensive_heart_disease_Mortality_Rate_2014    0.4467982         
Leukemia_Mortality_Rate_2014                      0.3158037         
Chronic_respiratory_diseases_Mortality_Rate_2014  0.5294343         
Asthma_Mortality_Rate_2014                        0.2286488         
percent_fair_or_poor_health                       0.0040517         
percent_smokers                                   0.0083135         
percent_physically_inactive                       0.0125396         
percent_adults_with_diabetes                      0.0010499         
percent_insufficient_sleep                        0.0083168         
                                                  Indirect              
R_INTERNATIONAL_MIG_2018                          0.000000013558        
Median_Household_Income_2018                      0.25819457            
Density_per_square_mile_of_land_area_Population   0.00096684            
Active_Physicians_per_100000_Population_2018_AAMC 0.49842609            
Total_nurse_practitioners_2019                    0.23769453            
Mean_Annual_Precipitation                         0.00804565            
Annual_Mean_Range_Temp                            0.29571681            
Cardiovascular_diseases_Mortality_Rate_2014       0.02841845            
Hypertensive_heart_disease_Mortality_Rate_2014    0.04444507            
Leukemia_Mortality_Rate_2014                      0.000013681934        
Chronic_respiratory_diseases_Mortality_Rate_2014  < 0.000000000000000222
Asthma_Mortality_Rate_2014                        0.03848704            
percent_fair_or_poor_health                       0.02641778            
percent_smokers                                   0.03640262            
percent_physically_inactive                       0.000004377918        
percent_adults_with_diabetes                      0.03870869            
percent_insufficient_sleep                        0.55830379            
                                                  Total                 
R_INTERNATIONAL_MIG_2018                          0.000000001036930541  
Median_Household_Income_2018                      0.000000017882031189  
Density_per_square_mile_of_land_area_Population   0.000013796799349652  
Active_Physicians_per_100000_Population_2018_AAMC 0.06561243            
Total_nurse_practitioners_2019                    0.02217527            
Mean_Annual_Precipitation                         0.000000031787432020  
Annual_Mean_Range_Temp                            0.000000003787671510  
Cardiovascular_diseases_Mortality_Rate_2014       0.000000000000012434  
Hypertensive_heart_disease_Mortality_Rate_2014    0.00618571            
Leukemia_Mortality_Rate_2014                      0.000000000018124391  
Chronic_respiratory_diseases_Mortality_Rate_2014  < 0.000000000000000222
Asthma_Mortality_Rate_2014                        0.08702987            
percent_fair_or_poor_health                       0.98164692            
percent_smokers                                   0.96457849            
percent_physically_inactive                       0.000000001566530017  
percent_adults_with_diabetes                      0.00061818            
percent_insufficient_sleep                        0.00022006            

> 
> #Moran's I test for residuals
> moran.mc(reg.SLX$residuals, listw1, 500, zero.policy = TRUE)

	Monte-Carlo simulation of Moran I

data:  reg.SLX$residuals 
weights: listw1  
number of simulations + 1: 501 

statistic = 0.27263, observed rank = 501, p-value = 0.001996
alternative hypothesis: greater

> ######################## SAR Model ########################
> #SAR Spatial (Simultaneous) Lag (Autoregressive) Model y=pWy+Xß+e
> start.time.SAR <- Sys.time()
> #reg.SAR = lagsarlm(formula, MT10.Scaled, listw1, zero.policy = TRUE)
> reg.SAR = lagsarlm(formula, MT10_scaled_lasso, listw1, zero.policy = TRUE)
> end.time.SAR <- Sys.time()
> time.taken.SAR <- end.time.SAR - start.time.SAR
> time.taken.SAR
Time difference of 3.118361 mins
> 
> summary(reg.SAR)

Call:lagsarlm(formula = formula, data = MT10_scaled_lasso, listw = listw1, 
    zero.policy = TRUE)

Residuals:
      Min        1Q    Median        3Q       Max 
-367.9354  -50.7379   -9.9173   39.3756  592.8126 

Type: lag 
Regions with no neighbours included:
 68 1220 1226 2981 
Coefficients: (asymptotic standard errors) 
                                                   Estimate Std. Error z value
(Intercept)                                        95.93314    4.14497 23.1445
R_INTERNATIONAL_MIG_2018                            3.80686    1.73657  2.1922
Median_Household_Income_2018                      -12.98505    2.48717 -5.2208
Density_per_square_mile_of_land_area_Population     4.08626    1.74469  2.3421
Active_Physicians_per_100000_Population_2018_AAMC   0.24286    1.93488  0.1255
Total_nurse_practitioners_2019                      3.91129    1.87460  2.0865
Mean_Annual_Precipitation                          -9.46465    2.19559 -4.3107
Annual_Mean_Range_Temp                              2.96643    2.24308  1.3225
Cardiovascular_diseases_Mortality_Rate_2014        22.76031    2.76815  8.2222
Hypertensive_heart_disease_Mortality_Rate_2014      1.29581    1.84793  0.7012
Leukemia_Mortality_Rate_2014                        7.43507    2.05442  3.6191
Chronic_respiratory_diseases_Mortality_Rate_2014  -11.91046    2.30265 -5.1725
Asthma_Mortality_Rate_2014                          4.30288    1.88204  2.2863
percent_fair_or_poor_health                         7.82437    3.38833  2.3092
percent_smokers                                    -5.34826    2.93989 -1.8192
percent_physically_inactive                         7.11261    2.24112  3.1737
percent_adults_with_diabetes                        6.47139    1.99893  3.2374
percent_insufficient_sleep                         -9.13392    2.57936 -3.5412
                                                               Pr(>|z|)
(Intercept)                                       < 0.00000000000000022
R_INTERNATIONAL_MIG_2018                                      0.0283669
Median_Household_Income_2018                       0.000000178146523533
Density_per_square_mile_of_land_area_Population               0.0191750
Active_Physicians_per_100000_Population_2018_AAMC             0.9001144
Total_nurse_practitioners_2019                                0.0369362
Mean_Annual_Precipitation                          0.000016270257530371
Annual_Mean_Range_Temp                                        0.1860078
Cardiovascular_diseases_Mortality_Rate_2014        0.000000000000000222
Hypertensive_heart_disease_Mortality_Rate_2014                0.4831654
Leukemia_Mortality_Rate_2014                                  0.0002957
Chronic_respiratory_diseases_Mortality_Rate_2014   0.000000230989534833
Asthma_Mortality_Rate_2014                                    0.0222378
percent_fair_or_poor_health                                   0.0209320
percent_smokers                                               0.0688803
percent_physically_inactive                                   0.0015051
percent_adults_with_diabetes                                  0.0012061
percent_insufficient_sleep                                    0.0003984

Rho: 0.51031, LR test value: 606.84, p-value: < 0.000000000000000222
Asymptotic standard error: 0.019592
    z-value: 26.047, p-value: < 0.000000000000000222
Wald statistic: 678.42, p-value: < 0.000000000000000222

Log likelihood: -18512.89 for lag model
ML residual variance (sigma squared): 7516.6, (sigma: 86.698)
Number of observations: 3133 
Number of parameters estimated: 20 
AIC: 37066, (AIC for lm: 37671)
LM test for residual autocorrelation
test value: 21.44, p-value: 0.0000036506

> 
> #Anything with a Lag Y in it: You Cannot interpret Betas as marginal effects,
> #that is because of global feedback effect. In another words, when one of our 
> #X's change, this will effect our Y's and this will effect Y's of our neighboring
> #regions and finally effects our Y's. And this infinite feedback will continue.
> #You must use the "impacts" Command:
> #impacts(reg.SAR,listw = listw1)
> summary(impacts(reg.SAR,listw = listw1,R = 5), zstats = TRUE) #Add zstats for pvals
Impact measures (lag, exact):
                                                       Direct    Indirect       Total
R_INTERNATIONAL_MIG_2018                            4.0448198   3.7291774   7.7739971
Median_Household_Income_2018                      -13.7967144 -12.7200712 -26.5167856
Density_per_square_mile_of_land_area_Population     4.3416834   4.0028749   8.3445583
Active_Physicians_per_100000_Population_2018_AAMC   0.2580402   0.2379037   0.4959439
Total_nurse_practitioners_2019                      4.1557790   3.8314778   7.9872568
Mean_Annual_Precipitation                         -10.0562628  -9.2715102 -19.3277730
Annual_Mean_Range_Temp                              3.1518573   2.9058984   6.0577557
Cardiovascular_diseases_Mortality_Rate_2014        24.1829952  22.2958462  46.4788414
Hypertensive_heart_disease_Mortality_Rate_2014      1.3768060   1.2693653   2.6461714
Leukemia_Mortality_Rate_2014                        7.8998120   7.2833407  15.1831526
Chronic_respiratory_diseases_Mortality_Rate_2014  -12.6549523 -11.6674079 -24.3223602
Asthma_Mortality_Rate_2014                          4.5718418   4.2150726   8.7869143
percent_fair_or_poor_health                         8.3134500   7.6647000  15.9781500
percent_smokers                                    -5.6825666  -5.2391207 -10.9216873
percent_physically_inactive                         7.5572049   6.9674694  14.5246743
percent_adults_with_diabetes                        6.8759040   6.3393345  13.2152385
percent_insufficient_sleep                         -9.7048578  -8.9475275 -18.6523853
========================================================
Simulation results ( variance matrix):
Direct:

Iterations = 1:5
Thinning interval = 1 
Number of chains = 1 
Sample size per chain = 5 

1. Empirical mean and standard deviation for each variable,
   plus standard error of the mean:

                                                      Mean     SD Naive SE
R_INTERNATIONAL_MIG_2018                            3.7583 2.0346   0.9099
Median_Household_Income_2018                      -13.6433 4.7561   2.1270
Density_per_square_mile_of_land_area_Population     5.3270 1.4774   0.6607
Active_Physicians_per_100000_Population_2018_AAMC   0.3736 1.3575   0.6071
Total_nurse_practitioners_2019                      3.4467 2.6774   1.1974
Mean_Annual_Precipitation                         -11.4873 2.2254   0.9952
Annual_Mean_Range_Temp                              2.2100 1.1968   0.5352
Cardiovascular_diseases_Mortality_Rate_2014        24.7936 2.4084   1.0771
Hypertensive_heart_disease_Mortality_Rate_2014      1.4683 0.9848   0.4404
Leukemia_Mortality_Rate_2014                        8.8322 2.2733   1.0166
Chronic_respiratory_diseases_Mortality_Rate_2014  -12.0380 2.1340   0.9543
Asthma_Mortality_Rate_2014                          4.4126 1.7576   0.7860
percent_fair_or_poor_health                         9.0864 3.4448   1.5406
percent_smokers                                    -7.9541 3.2178   1.4390
percent_physically_inactive                         6.6759 1.7551   0.7849
percent_adults_with_diabetes                        5.4486 3.0459   1.3621
percent_insufficient_sleep                         -7.6757 2.4496   1.0955
                                                  Time-series SE
R_INTERNATIONAL_MIG_2018                                  0.9099
Median_Household_Income_2018                              2.1270
Density_per_square_mile_of_land_area_Population           0.6607
Active_Physicians_per_100000_Population_2018_AAMC         0.6071
Total_nurse_practitioners_2019                            0.4366
Mean_Annual_Precipitation                                 0.9952
Annual_Mean_Range_Temp                                    0.5352
Cardiovascular_diseases_Mortality_Rate_2014               0.2169
Hypertensive_heart_disease_Mortality_Rate_2014            0.4404
Leukemia_Mortality_Rate_2014                              1.0166
Chronic_respiratory_diseases_Mortality_Rate_2014          0.9543
Asthma_Mortality_Rate_2014                                0.7860
percent_fair_or_poor_health                               1.5406
percent_smokers                                           1.4390
percent_physically_inactive                               0.7849
percent_adults_with_diabetes                              1.3621
percent_insufficient_sleep                                1.0955

2. Quantiles for each variable:

                                                       2.5%      25%        50%
R_INTERNATIONAL_MIG_2018                            2.63765   2.6772   2.683573
Median_Household_Income_2018                      -18.03778 -17.3761 -13.589794
Density_per_square_mile_of_land_area_Population     3.60324   4.0556   5.823432
Active_Physicians_per_100000_Population_2018_AAMC  -0.71851  -0.2359  -0.007761
Total_nurse_practitioners_2019                      0.46547   1.1588   3.520197
Mean_Annual_Precipitation                         -13.88644 -13.6186 -11.033368
Annual_Mean_Range_Temp                              1.00285   1.2117   1.974925
Cardiovascular_diseases_Mortality_Rate_2014        21.77746  23.2998  25.066277
Hypertensive_heart_disease_Mortality_Rate_2014     -0.02947   1.3104   1.949916
Leukemia_Mortality_Rate_2014                        6.19355   7.6678   8.119900
Chronic_respiratory_diseases_Mortality_Rate_2014  -14.86060 -12.6719 -12.079052
Asthma_Mortality_Rate_2014                          2.55528   3.3969   3.676543
percent_fair_or_poor_health                         3.84481   8.6745  10.372054
percent_smokers                                   -11.80437  -9.7441  -8.562447
percent_physically_inactive                         4.14633   6.7409   6.800514
percent_adults_with_diabetes                        1.81001   3.3950   5.323069
percent_insufficient_sleep                        -10.01550  -9.9062  -7.593438
                                                       75%  97.5%
R_INTERNATIONAL_MIG_2018                            3.4509  6.957
Median_Household_Income_2018                      -12.9896 -6.834
Density_per_square_mile_of_land_area_Population     6.1150  6.991
Active_Physicians_per_100000_Population_2018_AAMC   0.1655  2.463
Total_nurse_practitioners_2019                      5.7815  6.324
Mean_Annual_Precipitation                         -10.0394 -8.950
Annual_Mean_Range_Temp                              3.1885  3.645
Cardiovascular_diseases_Mortality_Rate_2014        26.2748 27.574
Hypertensive_heart_disease_Mortality_Rate_2014      1.9966  2.236
Leukemia_Mortality_Rate_2014                       11.1110 11.220
Chronic_respiratory_diseases_Mortality_Rate_2014  -11.0087 -9.495
Asthma_Mortality_Rate_2014                          6.0178  6.461
percent_fair_or_poor_health                        11.2001 11.809
percent_smokers                                    -5.0475 -4.449
percent_physically_inactive                         7.3163  8.529
percent_adults_with_diabetes                        8.0207  8.785
percent_insufficient_sleep                         -6.7221 -4.388

========================================================
Indirect:

Iterations = 1:5
Thinning interval = 1 
Number of chains = 1 
Sample size per chain = 5 

1. Empirical mean and standard deviation for each variable,
   plus standard error of the mean:

                                                      Mean     SD Naive SE
R_INTERNATIONAL_MIG_2018                            3.4717 2.0861   0.9329
Median_Household_Income_2018                      -12.2708 4.0469   1.8098
Density_per_square_mile_of_land_area_Population     4.8230 1.3440   0.6010
Active_Physicians_per_100000_Population_2018_AAMC   0.3538 1.2348   0.5522
Total_nurse_practitioners_2019                      3.0425 2.2740   1.0170
Mean_Annual_Precipitation                         -10.5065 2.5897   1.1581
Annual_Mean_Range_Temp                              2.0455 1.1686   0.5226
Cardiovascular_diseases_Mortality_Rate_2014        22.5472 3.0065   1.3445
Hypertensive_heart_disease_Mortality_Rate_2014      1.3405 0.8888   0.3975
Leukemia_Mortality_Rate_2014                        8.0213 2.1515   0.9622
Chronic_respiratory_diseases_Mortality_Rate_2014  -11.0006 2.4035   1.0749
Asthma_Mortality_Rate_2014                          3.9329 1.3605   0.6084
percent_fair_or_poor_health                         8.1244 2.8565   1.2775
percent_smokers                                    -7.1362 2.7742   1.2406
percent_physically_inactive                         6.1139 1.7643   0.7890
percent_adults_with_diabetes                        5.0397 2.9580   1.3229
percent_insufficient_sleep                         -6.8623 1.8474   0.8262
                                                  Time-series SE
R_INTERNATIONAL_MIG_2018                                  0.9329
Median_Household_Income_2018                              1.8098
Density_per_square_mile_of_land_area_Population           0.6010
Active_Physicians_per_100000_Population_2018_AAMC         0.5522
Total_nurse_practitioners_2019                            0.3830
Mean_Annual_Precipitation                                 1.1581
Annual_Mean_Range_Temp                                    0.5226
Cardiovascular_diseases_Mortality_Rate_2014               0.6028
Hypertensive_heart_disease_Mortality_Rate_2014            0.3975
Leukemia_Mortality_Rate_2014                              0.9622
Chronic_respiratory_diseases_Mortality_Rate_2014          0.6143
Asthma_Mortality_Rate_2014                                0.6084
percent_fair_or_poor_health                               1.2775
percent_smokers                                           1.2406
percent_physically_inactive                               0.7890
percent_adults_with_diabetes                              1.3229
percent_insufficient_sleep                                0.8262

2. Quantiles for each variable:

                                                       2.5%      25%        50%
R_INTERNATIONAL_MIG_2018                            2.18968   2.4526   2.553891
Median_Household_Income_2018                      -16.35825 -14.2564 -13.247197
Density_per_square_mile_of_land_area_Population     3.47319   3.5613   4.777879
Active_Physicians_per_100000_Population_2018_AAMC  -0.62957  -0.1935  -0.007565
Total_nurse_practitioners_2019                      0.43886   1.0616   3.431453
Mean_Annual_Precipitation                         -13.27208 -13.2437  -9.688453
Annual_Mean_Range_Temp                              0.87362   0.9941   1.879489
Cardiovascular_diseases_Mortality_Rate_2014        19.26129  20.5641  22.963253
Hypertensive_heart_disease_Mortality_Rate_2014     -0.02089   1.2004   1.855688
Leukemia_Mortality_Rate_2014                        5.63767   6.6620   7.474533
Chronic_respiratory_diseases_Mortality_Rate_2014  -13.68819 -12.3524 -11.495343
Asthma_Mortality_Rate_2014                          2.47092   3.1119   3.498877
percent_fair_or_poor_health                         3.69697   7.9468   9.744724
percent_smokers                                   -10.77698  -8.5564  -7.025124
percent_physically_inactive                         3.49127   6.4245   6.471885
percent_adults_with_diabetes                        1.56981   2.7855   5.188875
percent_insufficient_sleep                         -8.73755  -8.1276  -6.956360
                                                       75%  97.5%
R_INTERNATIONAL_MIG_2018                            3.0303  6.748
Median_Household_Income_2018                      -11.4062 -6.408
Density_per_square_mile_of_land_area_Population     5.8195  6.426
Active_Physicians_per_100000_Population_2018_AAMC   0.1575  2.257
Total_nurse_practitioners_2019                      4.7435  5.520
Mean_Annual_Precipitation                          -8.2369 -8.103
Annual_Mean_Range_Temp                              3.1081  3.358
Cardiovascular_diseases_Mortality_Rate_2014        23.0720 26.625
Hypertensive_heart_disease_Mortality_Rate_2014      1.8567  1.937
Leukemia_Mortality_Rate_2014                        9.7566 10.596
Chronic_respiratory_diseases_Mortality_Rate_2014   -9.6668 -7.853
Asthma_Mortality_Rate_2014                          4.9374  5.639
percent_fair_or_poor_health                         9.8349  9.867
percent_smokers                                    -4.8036 -4.326
percent_physically_inactive                         6.5710  7.800
percent_adults_with_diabetes                        7.3478  8.332
percent_insufficient_sleep                         -6.3973 -4.262

========================================================
Total:

Iterations = 1:5
Thinning interval = 1 
Number of chains = 1 
Sample size per chain = 5 

1. Empirical mean and standard deviation for each variable,
   plus standard error of the mean:

                                                      Mean    SD Naive SE
R_INTERNATIONAL_MIG_2018                            7.2299 4.118   1.8418
Median_Household_Income_2018                      -25.9141 8.756   3.9157
Density_per_square_mile_of_land_area_Population    10.1500 2.802   1.2529
Active_Physicians_per_100000_Population_2018_AAMC   0.7274 2.592   1.1593
Total_nurse_practitioners_2019                      6.4892 4.946   2.2117
Mean_Annual_Precipitation                         -21.9939 4.793   2.1437
Annual_Mean_Range_Temp                              4.2555 2.364   1.0570
Cardiovascular_diseases_Mortality_Rate_2014        47.3408 5.249   2.3472
Hypertensive_heart_disease_Mortality_Rate_2014      2.8088 1.869   0.8358
Leukemia_Mortality_Rate_2014                       16.8535 4.391   1.9636
Chronic_respiratory_diseases_Mortality_Rate_2014  -23.0386 4.510   2.0171
Asthma_Mortality_Rate_2014                          8.3455 3.113   1.3921
percent_fair_or_poor_health                        17.2108 6.278   2.8075
percent_smokers                                   -15.0903 5.977   2.6728
percent_physically_inactive                        12.7899 3.507   1.5682
percent_adults_with_diabetes                       10.4883 6.000   2.6832
percent_insufficient_sleep                        -14.5380 4.285   1.9162
                                                  Time-series SE
R_INTERNATIONAL_MIG_2018                                  1.8418
Median_Household_Income_2018                              3.9157
Density_per_square_mile_of_land_area_Population           1.2529
Active_Physicians_per_100000_Population_2018_AAMC         1.1593
Total_nurse_practitioners_2019                            0.8176
Mean_Annual_Precipitation                                 2.1437
Annual_Mean_Range_Temp                                    1.0570
Cardiovascular_diseases_Mortality_Rate_2014               0.5045
Hypertensive_heart_disease_Mortality_Rate_2014            0.8358
Leukemia_Mortality_Rate_2014                              1.9636
Chronic_respiratory_diseases_Mortality_Rate_2014          1.1829
Asthma_Mortality_Rate_2014                                1.3921
percent_fair_or_poor_health                               2.8075
percent_smokers                                           2.6728
percent_physically_inactive                               1.5682
percent_adults_with_diabetes                              2.6832
percent_insufficient_sleep                                1.9162

2. Quantiles for each variable:

                                                       2.5%      25%       50%      75%
R_INTERNATIONAL_MIG_2018                            4.82733   5.1297   5.23746   6.4812
Median_Household_Income_2018                      -34.39603 -31.6325 -26.83699 -24.3958
Density_per_square_mile_of_land_area_Population     7.07643   7.6169  10.60131  11.9345
Active_Physicians_per_100000_Population_2018_AAMC  -1.34808  -0.4294  -0.01533   0.3229
Total_nurse_practitioners_2019                      0.90433   2.2205   6.95165  10.5250
Mean_Annual_Precipitation                         -27.13330 -26.8938 -20.72182 -18.2763
Annual_Mean_Range_Temp                              1.87647   2.2058   3.85441   6.2966
Cardiovascular_diseases_Mortality_Rate_2014        42.19680  42.4164  48.02953  49.3468
Hypertensive_heart_disease_Mortality_Rate_2014     -0.05036   2.5108   3.80560   3.9429
Leukemia_Mortality_Rate_2014                       11.87643  14.7819  15.14237  20.8677
Chronic_respiratory_diseases_Mortality_Rate_2014  -28.54880 -25.0243 -23.57440 -20.6755
Asthma_Mortality_Rate_2014                          5.02620   6.5087   7.17542  10.9552
percent_fair_or_poor_health                         7.54178  16.6213  20.24289  21.0350
percent_smokers                                   -22.58135 -18.3005 -15.58757  -9.8510
percent_physically_inactive                         7.64830  13.2724  13.31194  13.7408
percent_adults_with_diabetes                        3.37981   6.1805  10.51194  15.3685
percent_insufficient_sleep                        -18.75304 -18.0339 -14.54980 -13.1194
                                                    97.5%
R_INTERNATIONAL_MIG_2018                           13.705
Median_Household_Income_2018                      -13.241
Density_per_square_mile_of_land_area_Population    13.416
Active_Physicians_per_100000_Population_2018_AAMC   4.720
Total_nurse_practitioners_2019                     11.844
Mean_Annual_Precipitation                         -17.053
Annual_Mean_Range_Temp                              7.003
Cardiovascular_diseases_Mortality_Rate_2014        54.199
Hypertensive_heart_disease_Mortality_Rate_2014      4.102
Leukemia_Mortality_Rate_2014                       21.817
Chronic_respiratory_diseases_Mortality_Rate_2014  -17.348
Asthma_Mortality_Rate_2014                         12.100
percent_fair_or_poor_health                        21.563
percent_smokers                                    -8.775
percent_physically_inactive                        16.315
percent_adults_with_diabetes                       17.118
percent_insufficient_sleep                         -8.651

========================================================
Simulated standard errors
                                                    Direct  Indirect    Total
R_INTERNATIONAL_MIG_2018                          2.034609 2.0861198 4.118279
Median_Household_Income_2018                      4.756140 4.0469240 8.755736
Density_per_square_mile_of_land_area_Population   1.477446 1.3439600 2.801598
Active_Physicians_per_100000_Population_2018_AAMC 1.357548 1.2347790 2.592305
Total_nurse_practitioners_2019                    2.677413 2.2740409 4.945566
Mean_Annual_Precipitation                         2.225424 2.5896789 4.793349
Annual_Mean_Range_Temp                            1.196849 1.1685850 2.363600
Cardiovascular_diseases_Mortality_Rate_2014       2.408422 3.0064907 5.248539
Hypertensive_heart_disease_Mortality_Rate_2014    0.984759 0.8887876 1.868835
Leukemia_Mortality_Rate_2014                      2.273277 2.1514721 4.390691
Chronic_respiratory_diseases_Mortality_Rate_2014  2.133954 2.4035421 4.510363
Asthma_Mortality_Rate_2014                        1.757551 1.3605000 3.112740
percent_fair_or_poor_health                       3.444808 2.8565349 6.277743
percent_smokers                                   3.217750 2.7741765 5.976596
percent_physically_inactive                       1.755134 1.7642892 3.506582
percent_adults_with_diabetes                      3.045851 2.9580499 5.999757
percent_insufficient_sleep                        2.449559 1.8474122 4.284695

Simulated z-values:
                                                      Direct   Indirect      Total
R_INTERNATIONAL_MIG_2018                           1.8471666  1.6641794  1.7555734
Median_Household_Income_2018                      -2.8685601 -3.0321281 -2.9596671
Density_per_square_mile_of_land_area_Population    3.6055205  3.5886743  3.6229322
Active_Physicians_per_100000_Population_2018_AAMC  0.2752373  0.2865009  0.2806048
Total_nurse_practitioners_2019                     1.2873166  1.3379176  1.3121163
Mean_Annual_Precipitation                         -5.1618627 -4.0570818 -4.5884147
Annual_Mean_Range_Temp                             1.8465526  1.7503894  1.8004410
Cardiovascular_diseases_Mortality_Rate_2014       10.2945372  7.4994964  9.0197963
Hypertensive_heart_disease_Mortality_Rate_2014     1.4910404  1.5082357  1.5029776
Leukemia_Mortality_Rate_2014                       3.8852256  3.7283053  3.8384702
Chronic_respiratory_diseases_Mortality_Rate_2014  -5.6411497 -4.5768306 -5.1079160
Asthma_Mortality_Rate_2014                         2.5106747  2.8907693  2.6810885
percent_fair_or_poor_health                        2.6377132  2.8441434  2.7415600
percent_smokers                                   -2.4719304 -2.5723816 -2.5248981
percent_physically_inactive                        3.8036549  3.4653804  3.6473857
percent_adults_with_diabetes                       1.7888593  1.7037245  1.7481210
percent_insufficient_sleep                        -3.1335042 -3.7145571 -3.3930115

Simulated p-values:
                                                  Direct                
R_INTERNATIONAL_MIG_2018                          0.06472300            
Median_Household_Income_2018                      0.00412345            
Density_per_square_mile_of_land_area_Population   0.00031153            
Active_Physicians_per_100000_Population_2018_AAMC 0.78313392            
Total_nurse_practitioners_2019                    0.19798398            
Mean_Annual_Precipitation                         0.000000244505        
Annual_Mean_Range_Temp                            0.06481201            
Cardiovascular_diseases_Mortality_Rate_2014       < 0.000000000000000222
Hypertensive_heart_disease_Mortality_Rate_2014    0.13595088            
Leukemia_Mortality_Rate_2014                      0.00010223            
Chronic_respiratory_diseases_Mortality_Rate_2014  0.000000016892        
Asthma_Mortality_Rate_2014                        0.01205007            
percent_fair_or_poor_health                       0.00834671            
percent_smokers                                   0.01343857            
percent_physically_inactive                       0.00014258            
percent_adults_with_diabetes                      0.07363748            
percent_insufficient_sleep                        0.00172732            
                                                  Indirect            
R_INTERNATIONAL_MIG_2018                          0.09607658          
Median_Household_Income_2018                      0.00242836          
Density_per_square_mile_of_land_area_Population   0.00033236          
Active_Physicians_per_100000_Population_2018_AAMC 0.77449454          
Total_nurse_practitioners_2019                    0.18092331          
Mean_Annual_Precipitation                         0.000049689675867937
Annual_Mean_Range_Temp                            0.08005114          
Cardiovascular_diseases_Mortality_Rate_2014       0.000000000000064171
Hypertensive_heart_disease_Mortality_Rate_2014    0.13149422          
Leukemia_Mortality_Rate_2014                      0.00019277          
Chronic_respiratory_diseases_Mortality_Rate_2014  0.000004720734859021
Asthma_Mortality_Rate_2014                        0.00384300          
percent_fair_or_poor_health                       0.00445310          
percent_smokers                                   0.01010015          
percent_physically_inactive                       0.00052948          
percent_adults_with_diabetes                      0.08843256          
percent_insufficient_sleep                        0.00020356          
                                                  Total                 
R_INTERNATIONAL_MIG_2018                          0.07916128            
Median_Household_Income_2018                      0.00307972            
Density_per_square_mile_of_land_area_Population   0.00029128            
Active_Physicians_per_100000_Population_2018_AAMC 0.77901351            
Total_nurse_practitioners_2019                    0.18948091            
Mean_Annual_Precipitation                         0.00000446625         
Annual_Mean_Range_Temp                            0.07179103            
Cardiovascular_diseases_Mortality_Rate_2014       < 0.000000000000000222
Hypertensive_heart_disease_Mortality_Rate_2014    0.13284483            
Leukemia_Mortality_Rate_2014                      0.00012380            
Chronic_respiratory_diseases_Mortality_Rate_2014  0.00000032573         
Asthma_Mortality_Rate_2014                        0.00733831            
percent_fair_or_poor_health                       0.00611482            
percent_smokers                                   0.01157318            
percent_physically_inactive                       0.00026492            
percent_adults_with_diabetes                      0.08044307            
percent_insufficient_sleep                        0.00069129            
> #Caution: These pvalues are simulated, and seem to vary a bit from run to run.
> #So also consider running it multiple times.
> 
> SAR.R_squared = 1-(sum(reg.SAR$residuals^2)/((sd(MT10$Mortality_Rate, na.rm = TRUE)^2)*
+                                                (length(MT10$Mortality_Rate)-1)))
> 
> #Calculating Mean squared error
> SAR.MSE = mean(reg.SAR$residuals^2)
> 
> SAR.R_squared
[1] 0.4168749
> SAR.MSE
[1] 7516.552
> 
> #Moran's I test for residuals
> moran.mc(reg.SAR$residuals, listw1, 500, zero.policy = TRUE)

	Monte-Carlo simulation of Moran I

data:  reg.SAR$residuals 
weights: listw1  
number of simulations + 1: 501 

statistic = -0.022038, observed rank = 5, p-value = 0.99
alternative hypothesis: greater

> ######################## SEM Model ########################
> #SEM Spatial Error Model  y=Xß+u, u=LWu+e
> start.time.SEM <- Sys.time()
> #reg.SEM = errorsarlm(formula, MT10.Scaled, listw1, zero.policy = TRUE)
> reg.SEM = errorsarlm(formula, MT10_scaled_lasso, listw1, zero.policy = TRUE)
> end.time.SEM <- Sys.time()
> time.taken.SEM <- end.time.SEM - start.time.SEM
> time.taken.SEM
Time difference of 2.171518 mins
> 
> summary(reg.SEM)

Call:errorsarlm(formula = formula, data = MT10_scaled_lasso, listw = listw1, 
    zero.policy = TRUE)

Residuals:
     Min       1Q   Median       3Q      Max 
-359.400  -50.936  -11.150   37.687  568.186 

Type: error 
Regions with no neighbours included:
 68 1220 1226 2981 
Coefficients: (asymptotic standard errors) 
                                                   Estimate Std. Error z value
(Intercept)                                       195.89525    3.43181 57.0821
R_INTERNATIONAL_MIG_2018                            0.62362    1.79952  0.3465
Median_Household_Income_2018                      -15.99700    3.06722 -5.2155
Density_per_square_mile_of_land_area_Population     2.43513    2.36093  1.0314
Active_Physicians_per_100000_Population_2018_AAMC  -7.54650    3.24837 -2.3232
Total_nurse_practitioners_2019                      3.04293    2.04841  1.4855
Mean_Annual_Precipitation                          -6.26725    3.68225 -1.7020
Annual_Mean_Range_Temp                              5.27276    3.71733  1.4184
Cardiovascular_diseases_Mortality_Rate_2014        27.04942    3.19238  8.4731
Hypertensive_heart_disease_Mortality_Rate_2014      1.68883    2.06246  0.8188
Leukemia_Mortality_Rate_2014                        5.11618    2.56776  1.9925
Chronic_respiratory_diseases_Mortality_Rate_2014   -6.85419    2.84794 -2.4067
Asthma_Mortality_Rate_2014                          6.57275    2.58718  2.5405
percent_fair_or_poor_health                        17.08635    4.53879  3.7645
percent_smokers                                   -13.93065    3.99746 -3.4849
percent_physically_inactive                         6.39345    2.36304  2.7056
percent_adults_with_diabetes                        5.96571    1.99746  2.9866
percent_insufficient_sleep                         -9.76317    3.43513 -2.8422
                                                               Pr(>|z|)
(Intercept)                                       < 0.00000000000000022
R_INTERNATIONAL_MIG_2018                                      0.7289323
Median_Household_Income_2018                               0.0000001834
Density_per_square_mile_of_land_area_Population               0.3023395
Active_Physicians_per_100000_Population_2018_AAMC             0.0201703
Total_nurse_practitioners_2019                                0.1374090
Mean_Annual_Precipitation                                     0.0887527
Annual_Mean_Range_Temp                                        0.1560654
Cardiovascular_diseases_Mortality_Rate_2014       < 0.00000000000000022
Hypertensive_heart_disease_Mortality_Rate_2014                0.4128755
Leukemia_Mortality_Rate_2014                                  0.0463198
Chronic_respiratory_diseases_Mortality_Rate_2014              0.0160964
Asthma_Mortality_Rate_2014                                    0.0110693
percent_fair_or_poor_health                                   0.0001669
percent_smokers                                               0.0004924
percent_physically_inactive                                   0.0068181
percent_adults_with_diabetes                                  0.0028206
percent_insufficient_sleep                                    0.0044810

Lambda: 0.551, LR test value: 594.79, p-value: < 0.000000000000000222
Asymptotic standard error: 0.020116
    z-value: 27.392, p-value: < 0.000000000000000222
Wald statistic: 750.31, p-value: < 0.000000000000000222

Log likelihood: -18518.91 for error model
ML residual variance (sigma squared): 7466.1, (sigma: 86.406)
Number of observations: 3133 
Number of parameters estimated: 20 
AIC: 37078, (AIC for lm: 37671)

> 
> SEM.R_squared = 1-(sum(reg.SEM$residuals^2)/((sd(MT10$Mortality_Rate, na.rm = TRUE)^2)*
+                                                (length(MT10$Mortality_Rate)-1)))
> 
> #Calculating Mean squared error
> SEM.MSE = mean(reg.SEM$residuals^2)
> 
> SEM.R_squared
[1] 0.4207909
> SEM.MSE
[1] 7466.074
> 
> #Moran's I test for residuals
> moran.mc(reg.SEM$residuals, listw1, 500, zero.policy = TRUE)

	Monte-Carlo simulation of Moran I

data:  reg.SEM$residuals 
weights: listw1  
number of simulations + 1: 501 

statistic = -0.033873, observed rank = 2, p-value = 0.996
alternative hypothesis: greater

> ######################## Spatial Hausman Test ########################
> #The spatial Hausman test alternative hypothesis states that neither the 
> #underlying model nor OLS are good choice of models. In spatial context this
> #indicates that there is some spatial correlation, but the underlying model
> #is not capable of describing it and maybe other spatial models are good choices.
> #The null hypothesis states the underlying model is a good choice of model.
> #In fact the spatial Hausman test shows the divergence between estimates from
> #OLS and the underlying model. Here reg.SEM is meant to be the underlying model.
> #The main reason for using SEm is that it has a good structure of spatial noise.
> Hausman.test(reg.SEM)

	Spatial Hausman test (asymptotic)

data:  NULL
Hausman test = 120.07, df = 18, p-value < 0.00000000000000022

> ######################## SDEM Model ########################
> #LeSage and Pace approach is to select either a spatial Durbin model or a spatial
> #Durbin error model as a starting point as we are considering some model coefficients
> #to be zero in our analysis to get simpler models.
> #SDEM Spatial Durbin Error Model (add lag X to SEM)   y=Xß+WxT+u,   u=LWu+e
> start.time.SDEM <- Sys.time()
> #reg.SDEM = errorsarlm(formula, MT10.Scaled, listw1, etype = "emixed", zero.policy = TRUE)
> reg.SDEM = errorsarlm(formula, MT10_scaled_lasso, listw1, etype = "emixed", zero.policy = TRUE)
> end.time.SDEM <- Sys.time()
> time.taken.SDEM <- end.time.SDEM - start.time.SDEM
> time.taken.SDEM
Time difference of 2.195969 mins
> 
> summary(reg.SDEM)

Call:errorsarlm(formula = formula, data = MT10_scaled_lasso, listw = listw1, 
    etype = "emixed", zero.policy = TRUE)

Residuals:
     Min       1Q   Median       3Q      Max 
-354.716  -49.717  -10.296   37.899  572.235 

Type: error 
Regions with no neighbours included:
 68 1220 1226 2981 
Coefficients: (asymptotic standard errors) 
                                                       Estimate Std. Error z value
(Intercept)                                           195.86551    3.11435 62.8913
R_INTERNATIONAL_MIG_2018                                1.46904    1.86294  0.7886
Median_Household_Income_2018                          -17.41575    3.26447 -5.3349
Density_per_square_mile_of_land_area_Population         0.32908    2.55496  0.1288
Active_Physicians_per_100000_Population_2018_AAMC      -7.47671    5.16025 -1.4489
Total_nurse_practitioners_2019                          4.05219    2.07727  1.9507
Mean_Annual_Precipitation                               4.65715    5.91466  0.7874
Annual_Mean_Range_Temp                                 10.19362    6.14741  1.6582
Cardiovascular_diseases_Mortality_Rate_2014            27.31376    3.23333  8.4476
Hypertensive_heart_disease_Mortality_Rate_2014          1.78383    2.06258  0.8649
Leukemia_Mortality_Rate_2014                            3.83217    2.65987  1.4407
Chronic_respiratory_diseases_Mortality_Rate_2014       -4.38430    2.93148 -1.4956
Asthma_Mortality_Rate_2014                              4.52202    2.81143  1.6084
percent_fair_or_poor_health                            17.14230    4.93961  3.4704
percent_smokers                                       -14.63111    4.28699 -3.4129
percent_physically_inactive                             6.76353    2.42630  2.7876
percent_adults_with_diabetes                            7.66550    2.13279  3.5941
percent_insufficient_sleep                            -10.08995    3.58601 -2.8137
lag.R_INTERNATIONAL_MIG_2018                           11.26537    4.75317  2.3701
lag.Median_Household_Income_2018                       -4.43406    6.05144 -0.7327
lag.Density_per_square_mile_of_land_area_Population     8.38397    3.60275  2.3271
lag.Active_Physicians_per_100000_Population_2018_AAMC   1.53373    6.40269  0.2395
lag.Total_nurse_practitioners_2019                      4.72909    4.42344  1.0691
lag.Mean_Annual_Precipitation                         -20.66683    7.15308 -2.8892
lag.Annual_Mean_Range_Temp                              2.48004    7.94492  0.3122
lag.Cardiovascular_diseases_Mortality_Rate_2014         8.72371    6.86206  1.2713
lag.Hypertensive_heart_disease_Mortality_Rate_2014      4.51743    4.66718  0.9679
lag.Leukemia_Mortality_Rate_2014                       13.10096    4.99838  2.6210
lag.Chronic_respiratory_diseases_Mortality_Rate_2014  -33.61406    5.66701 -5.9315
lag.Asthma_Mortality_Rate_2014                         -4.62576    4.60028 -1.0055
lag.percent_fair_or_poor_health                        -8.69724    8.26052 -1.0529
lag.percent_smokers                                    17.26761    6.72556  2.5675
lag.percent_physically_inactive                        10.21427    5.67153  1.8010
lag.percent_adults_with_diabetes                       10.19556    5.59269  1.8230
lag.percent_insufficient_sleep                         -6.23849    5.99755 -1.0402
                                                                   Pr(>|z|)
(Intercept)                                           < 0.00000000000000022
R_INTERNATIONAL_MIG_2018                                          0.4303700
Median_Household_Income_2018                                 0.000000095580
Density_per_square_mile_of_land_area_Population                   0.8975170
Active_Physicians_per_100000_Population_2018_AAMC                 0.1473641
Total_nurse_practitioners_2019                                    0.0510894
Mean_Annual_Precipitation                                         0.4310532
Annual_Mean_Range_Temp                                            0.0972773
Cardiovascular_diseases_Mortality_Rate_2014           < 0.00000000000000022
Hypertensive_heart_disease_Mortality_Rate_2014                    0.3871196
Leukemia_Mortality_Rate_2014                                      0.1496588
Chronic_respiratory_diseases_Mortality_Rate_2014                  0.1347595
Asthma_Mortality_Rate_2014                                        0.1077382
percent_fair_or_poor_health                                       0.0005197
percent_smokers                                                   0.0006427
percent_physically_inactive                                       0.0053101
percent_adults_with_diabetes                                      0.0003255
percent_insufficient_sleep                                        0.0048975
lag.R_INTERNATIONAL_MIG_2018                                      0.0177845
lag.Median_Household_Income_2018                                  0.4637245
lag.Density_per_square_mile_of_land_area_Population               0.0199600
lag.Active_Physicians_per_100000_Population_2018_AAMC             0.8106830
lag.Total_nurse_practitioners_2019                                0.2850260
lag.Mean_Annual_Precipitation                                     0.0038620
lag.Annual_Mean_Range_Temp                                        0.7549237
lag.Cardiovascular_diseases_Mortality_Rate_2014                   0.2036230
lag.Hypertensive_heart_disease_Mortality_Rate_2014                0.3330864
lag.Leukemia_Mortality_Rate_2014                                  0.0087661
lag.Chronic_respiratory_diseases_Mortality_Rate_2014         0.000000003001
lag.Asthma_Mortality_Rate_2014                                    0.3146379
lag.percent_fair_or_poor_health                                   0.2924018
lag.percent_smokers                                               0.0102447
lag.percent_physically_inactive                                   0.0717074
lag.percent_adults_with_diabetes                                  0.0683013
lag.percent_insufficient_sleep                                    0.2982592

Lambda: 0.5062, LR test value: 481.44, p-value: < 0.000000000000000222
Asymptotic standard error: 0.021199
    z-value: 23.878, p-value: < 0.000000000000000222
Wald statistic: 570.17, p-value: < 0.000000000000000222

Log likelihood: -18482.35 for error model
ML residual variance (sigma squared): 7378.8, (sigma: 85.9)
Number of observations: 3133 
Number of parameters estimated: 37 
AIC: 37039, (AIC for lm: 37518)

> 
> SDEM.R_squared = 1-(sum(reg.SDEM$residuals^2)/((sd(MT10$Mortality_Rate, na.rm = TRUE)^2)*
+                                                  (length(MT10$Mortality_Rate)-1)))
> 
> #Calculating Mean squared error
> SDEM.MSE = mean(reg.SDEM$residuals^2)
> 
> SDEM.R_squared
[1] 0.427561
> SDEM.MSE
[1] 7378.807
> 
> summary(impacts(reg.SDEM,listw = listw1,R = 5), zstats = TRUE) #Add zstats for pvals
Impact measures (SDEM, estimable, n):
                                                       Direct   Indirect       Total
R_INTERNATIONAL_MIG_2018                            1.4690354  11.265365  12.7344005
Median_Household_Income_2018                      -17.4157535  -4.434058 -21.8498114
Density_per_square_mile_of_land_area_Population     0.3290752   8.383968   8.7130435
Active_Physicians_per_100000_Population_2018_AAMC  -7.4767074   1.533732  -5.9429757
Total_nurse_practitioners_2019                      4.0521889   4.729089   8.7812780
Mean_Annual_Precipitation                           4.6571451 -20.666832 -16.0096871
Annual_Mean_Range_Temp                             10.1936230   2.480036  12.6736591
Cardiovascular_diseases_Mortality_Rate_2014        27.3137634   8.723711  36.0374739
Hypertensive_heart_disease_Mortality_Rate_2014      1.7838301   4.517433   6.3012634
Leukemia_Mortality_Rate_2014                        3.8321682  13.100957  16.9331256
Chronic_respiratory_diseases_Mortality_Rate_2014   -4.3842972 -33.614058 -37.9983554
Asthma_Mortality_Rate_2014                          4.5220216  -4.625757  -0.1037355
percent_fair_or_poor_health                        17.1423007  -8.697236   8.4450642
percent_smokers                                   -14.6311059  17.267606   2.6365001
percent_physically_inactive                         6.7635272  10.214268  16.9777952
percent_adults_with_diabetes                        7.6655000  10.195556  17.8610558
percent_insufficient_sleep                        -10.0899484  -6.238490 -16.3284381
========================================================
Standard errors:
                                                    Direct Indirect    Total
R_INTERNATIONAL_MIG_2018                          1.862937 4.753171 5.494896
Median_Household_Income_2018                      3.264475 6.051440 6.427096
Density_per_square_mile_of_land_area_Population   2.554959 3.602754 3.663562
Active_Physicians_per_100000_Population_2018_AAMC 5.160247 6.402688 4.226306
Total_nurse_practitioners_2019                    2.077270 4.423443 5.105778
Mean_Annual_Precipitation                         5.914657 7.153084 4.724131
Annual_Mean_Range_Temp                            6.147405 7.944919 4.966052
Cardiovascular_diseases_Mortality_Rate_2014       3.233330 6.862056 7.393595
Hypertensive_heart_disease_Mortality_Rate_2014    2.062582 4.667176 5.148636
Leukemia_Mortality_Rate_2014                      2.659865 4.998376 5.142389
Chronic_respiratory_diseases_Mortality_Rate_2014  2.931475 5.667013 5.806728
Asthma_Mortality_Rate_2014                        2.811428 4.600282 4.472730
percent_fair_or_poor_health                       4.939613 8.260524 8.276545
percent_smokers                                   4.286989 6.725559 6.716096
percent_physically_inactive                       2.426296 5.671534 6.639209
percent_adults_with_diabetes                      2.132795 5.592692 6.636975
percent_insufficient_sleep                        3.586010 5.997546 6.213978
========================================================
Z-values:
                                                      Direct   Indirect       Total
R_INTERNATIONAL_MIG_2018                           0.7885587  2.3700738  2.31749637
Median_Household_Income_2018                      -5.3349326 -0.7327277 -3.39963997
Density_per_square_mile_of_land_area_Population    0.1287986  2.3270996  2.37829862
Active_Physicians_per_100000_Population_2018_AAMC -1.4489049  0.2395450 -1.40618673
Total_nurse_practitioners_2019                     1.9507278  1.0690969  1.71987080
Mean_Annual_Precipitation                          0.7873906 -2.8892200 -3.38891662
Annual_Mean_Range_Temp                             1.6581993  0.3121538  2.55205921
Cardiovascular_diseases_Mortality_Rate_2014        8.4475656  1.2712969  4.87414757
Hypertensive_heart_disease_Mortality_Rate_2014     0.8648529  0.9679159  1.22387056
Leukemia_Mortality_Rate_2014                       1.4407379  2.6210430  3.29285197
Chronic_respiratory_diseases_Mortality_Rate_2014  -1.4955941 -5.9315299 -6.54385001
Asthma_Mortality_Rate_2014                         1.6084429 -1.0055378 -0.02319288
percent_fair_or_poor_health                        3.4703731 -1.0528674  1.02036103
percent_smokers                                   -3.4129098  2.5674603  0.39256439
percent_physically_inactive                        2.7875935  1.8009711  2.55720146
percent_adults_with_diabetes                       3.5941107  1.8230141  2.69114387
percent_insufficient_sleep                        -2.8136980 -1.0401737 -2.62769504

p-values:
                                                  Direct                
R_INTERNATIONAL_MIG_2018                          0.43036998            
Median_Household_Income_2018                      0.00000009558         
Density_per_square_mile_of_land_area_Population   0.89751699            
Active_Physicians_per_100000_Population_2018_AAMC 0.14736415            
Total_nurse_practitioners_2019                    0.05108943            
Mean_Annual_Precipitation                         0.43105324            
Annual_Mean_Range_Temp                            0.09727725            
Cardiovascular_diseases_Mortality_Rate_2014       < 0.000000000000000222
Hypertensive_heart_disease_Mortality_Rate_2014    0.38711955            
Leukemia_Mortality_Rate_2014                      0.14965875            
Chronic_respiratory_diseases_Mortality_Rate_2014  0.13475947            
Asthma_Mortality_Rate_2014                        0.10773822            
percent_fair_or_poor_health                       0.00051974            
percent_smokers                                   0.00064273            
percent_physically_inactive                       0.00531011            
percent_adults_with_diabetes                      0.00032550            
percent_insufficient_sleep                        0.00489752            
                                                  Indirect        Total            
R_INTERNATIONAL_MIG_2018                          0.0177845       0.02047671       
Median_Household_Income_2018                      0.4637245       0.00067475       
Density_per_square_mile_of_land_area_Population   0.0199600       0.01739273       
Active_Physicians_per_100000_Population_2018_AAMC 0.8106830       0.15966868       
Total_nurse_practitioners_2019                    0.2850260       0.08545593       
Mean_Annual_Precipitation                         0.0038620       0.00070169       
Annual_Mean_Range_Temp                            0.7549237       0.01070883       
Cardiovascular_diseases_Mortality_Rate_2014       0.2036230       0.000001092792810
Hypertensive_heart_disease_Mortality_Rate_2014    0.3330864       0.22100106       
Leukemia_Mortality_Rate_2014                      0.0087661       0.00099177       
Chronic_respiratory_diseases_Mortality_Rate_2014  0.0000000030012 0.000000000059955
Asthma_Mortality_Rate_2014                        0.3146379       0.98149641       
percent_fair_or_poor_health                       0.2924018       0.30755727       
percent_smokers                                   0.0102447       0.69464124       
percent_physically_inactive                       0.0717074       0.01055181       
percent_adults_with_diabetes                      0.0683013       0.00712075       
percent_insufficient_sleep                        0.2982592       0.00859655       

> 
> #Moran's I test for residuals
> moran.mc(reg.SDEM$residuals, listw1, 500, zero.policy = TRUE)

	Monte-Carlo simulation of Moran I

data:  reg.SDEM$residuals 
weights: listw1  
number of simulations + 1: 501 

statistic = -0.025348, observed rank = 8, p-value = 0.984
alternative hypothesis: greater

> ######################## SDM Model ########################
> #SDM Spatial Durbin Model (add lag X to SAR) y=pWy+Xß+WXT+e 
> start.time.SDM <- Sys.time()
> #reg.SDM = lagsarlm(formula, MT10.Scaled, listw1, type = "mixed", zero.policy = TRUE)
> reg.SDM = lagsarlm(formula, MT10_scaled_lasso, listw1, type = "mixed", zero.policy = TRUE)
> end.time.SDM <- Sys.time()
> time.taken.SDM <- end.time.SDM - start.time.SDM
> time.taken.SDM
Time difference of 3.044642 mins
> 
> summary(reg.SDM)

Call:lagsarlm(formula = formula, data = MT10_scaled_lasso, listw = listw1, 
    type = "mixed", zero.policy = TRUE)

Residuals:
      Min        1Q    Median        3Q       Max 
-353.6969  -48.7926   -9.5012   37.7263  569.0959 

Type: mixed 
Regions with no neighbours included:
 68 1220 1226 2981 
Coefficients: (asymptotic standard errors) 
                                                       Estimate Std. Error z value
(Intercept)                                            97.68687    4.40139 22.1946
R_INTERNATIONAL_MIG_2018                                0.79981    1.80603  0.4429
Median_Household_Income_2018                          -16.59185    3.39738 -4.8837
Density_per_square_mile_of_land_area_Population        -2.27913    2.77047 -0.8226
Active_Physicians_per_100000_Population_2018_AAMC      -5.17392    5.47493 -0.9450
Total_nurse_practitioners_2019                          2.95340    2.06337  1.4313
Mean_Annual_Precipitation                               6.99603    6.57965  1.0633
Annual_Mean_Range_Temp                                  4.49999    6.36260  0.7073
Cardiovascular_diseases_Mortality_Rate_2014            26.34279    3.32873  7.9138
Hypertensive_heart_disease_Mortality_Rate_2014          1.21122    2.09377  0.5785
Leukemia_Mortality_Rate_2014                            1.75663    2.80717  0.6258
Chronic_respiratory_diseases_Mortality_Rate_2014       -0.37900    3.08757 -0.1228
Asthma_Mortality_Rate_2014                              5.38071    3.01523  1.7845
percent_fair_or_poor_health                            18.44163    5.27263  3.4976
percent_smokers                                       -16.14059    4.58307 -3.5218
percent_physically_inactive                             5.14427    2.36794  2.1725
percent_adults_with_diabetes                            6.75049    2.00909  3.3600
percent_insufficient_sleep                             -9.38553    3.82686 -2.4525
lag.R_INTERNATIONAL_MIG_2018                           12.51919    3.64108  3.4383
lag.Median_Household_Income_2018                        3.22518    4.89306  0.6591
lag.Density_per_square_mile_of_land_area_Population     8.83911    3.64695  2.4237
lag.Active_Physicians_per_100000_Population_2018_AAMC   2.49383    6.04871  0.4123
lag.Total_nurse_practitioners_2019                      0.99795    3.51153  0.2842
lag.Mean_Annual_Precipitation                         -15.75518    7.24301 -2.1752
lag.Annual_Mean_Range_Temp                              4.87272    7.21261  0.6756
lag.Cardiovascular_diseases_Mortality_Rate_2014        -5.48347    5.39099 -1.0172
lag.Hypertensive_heart_disease_Mortality_Rate_2014      2.81471    3.55257  0.7923
lag.Leukemia_Mortality_Rate_2014                        8.79183    3.99288  2.2019
lag.Chronic_respiratory_diseases_Mortality_Rate_2014  -23.90889    4.56688 -5.2353
lag.Asthma_Mortality_Rate_2014                         -7.14421    3.89056 -1.8363
lag.percent_fair_or_poor_health                       -19.54535    6.77892 -2.8833
lag.percent_smokers                                    18.79795    5.69909  3.2984
lag.percent_physically_inactive                         6.95753    4.28884  1.6222
lag.percent_adults_with_diabetes                        4.65994    4.31688  1.0795
lag.percent_insufficient_sleep                          1.57047    4.88807  0.3213
                                                                   Pr(>|z|)
(Intercept)                                           < 0.00000000000000022
R_INTERNATIONAL_MIG_2018                                          0.6578701
Median_Household_Income_2018                           0.000001041024085602
Density_per_square_mile_of_land_area_Population                   0.4107075
Active_Physicians_per_100000_Population_2018_AAMC                 0.3446492
Total_nurse_practitioners_2019                                    0.1523306
Mean_Annual_Precipitation                                         0.2876538
Annual_Mean_Range_Temp                                            0.4794079
Cardiovascular_diseases_Mortality_Rate_2014            0.000000000000002442
Hypertensive_heart_disease_Mortality_Rate_2014                    0.5629344
Leukemia_Mortality_Rate_2014                                      0.5314692
Chronic_respiratory_diseases_Mortality_Rate_2014                  0.9023039
Asthma_Mortality_Rate_2014                                        0.0743405
percent_fair_or_poor_health                                       0.0004694
percent_smokers                                                   0.0004286
percent_physically_inactive                                       0.0298204
percent_adults_with_diabetes                                      0.0007795
percent_insufficient_sleep                                        0.0141853
lag.R_INTERNATIONAL_MIG_2018                                      0.0005853
lag.Median_Household_Income_2018                                  0.5098101
lag.Density_per_square_mile_of_land_area_Population               0.0153633
lag.Active_Physicians_per_100000_Population_2018_AAMC             0.6801261
lag.Total_nurse_practitioners_2019                                0.7762641
lag.Mean_Annual_Precipitation                                     0.0296132
lag.Annual_Mean_Range_Temp                                        0.4993055
lag.Cardiovascular_diseases_Mortality_Rate_2014                   0.3090795
lag.Hypertensive_heart_disease_Mortality_Rate_2014                0.4281850
lag.Leukemia_Mortality_Rate_2014                                  0.0276739
lag.Chronic_respiratory_diseases_Mortality_Rate_2014   0.000000164732967489
lag.Asthma_Mortality_Rate_2014                                    0.0663141
lag.percent_fair_or_poor_health                                   0.0039359
lag.percent_smokers                                               0.0009723
lag.percent_physically_inactive                                   0.1047520
lag.percent_adults_with_diabetes                                  0.2803785
lag.percent_insufficient_sleep                                    0.7479930

Rho: 0.50178, LR test value: 508.2, p-value: < 0.000000000000000222
Asymptotic standard error: 0.021037
    z-value: 23.852, p-value: < 0.000000000000000222
Wald statistic: 568.94, p-value: < 0.000000000000000222

Log likelihood: -18468.97 for mixed model
ML residual variance (sigma squared): 7323.8, (sigma: 85.579)
Number of observations: 3133 
Number of parameters estimated: 37 
AIC: 37012, (AIC for lm: 37518)
LM test for residual autocorrelation
test value: 94.311, p-value: < 0.000000000000000222

> 
> SDM.R_squared = 1-(sum(reg.SDM$residuals^2)/((sd(MT10$Mortality_Rate, na.rm = TRUE)^2)*
+                                                (length(MT10$Mortality_Rate)-1)))
> 
> #Calculating Mean squared error
> SDM.MSE = mean(reg.SDM$residuals^2)
> 
> SDM.R_squared
[1] 0.4318267
> SDM.MSE
[1] 7323.822
> 
> summary(impacts(reg.SDM,listw = listw1,R = 5), zstats = TRUE) #Add zstats for pvals
Impact measures (mixed, exact):
                                                      Direct    Indirect      Total
R_INTERNATIONAL_MIG_2018                            2.343362  24.3895686  26.732930
Median_Household_Income_2018                      -17.201143  -9.6274718 -26.828614
Density_per_square_mile_of_land_area_Population    -1.359784  14.5265018  13.166718
Active_Physicians_per_100000_Population_2018_AAMC  -5.186140  -0.1931419  -5.379282
Total_nurse_practitioners_2019                      3.249661   4.6811961   7.930858
Mean_Annual_Precipitation                           5.533205 -23.1139411 -17.580736
Annual_Mean_Range_Temp                              5.351856  13.4603613  18.812218
Cardiovascular_diseases_Mortality_Rate_2014        27.266815  14.6005088  41.867324
Hypertensive_heart_disease_Mortality_Rate_2014      1.620085   6.4604630   8.080548
Leukemia_Mortality_Rate_2014                        2.912246  18.2598615  21.172107
Chronic_respiratory_diseases_Mortality_Rate_2014   -3.258005 -45.4909064 -48.748911
Asthma_Mortality_Rate_2014                          4.849769  -8.3893357  -3.539567
percent_fair_or_poor_health                        17.212121 -19.4274272  -2.215307
percent_smokers                                   -14.862432  20.1960923   5.333661
percent_physically_inactive                         6.283830  18.0060432  24.289873
percent_adults_with_diabetes                        7.711852  15.1903506  22.902203
percent_insufficient_sleep                         -9.760524  -5.9252902 -15.685814
========================================================
Simulation results ( variance matrix):
Direct:

Iterations = 1:5
Thinning interval = 1 
Number of chains = 1 
Sample size per chain = 5 

1. Empirical mean and standard deviation for each variable,
   plus standard error of the mean:

                                                      Mean    SD Naive SE
R_INTERNATIONAL_MIG_2018                            2.3629 1.639   0.7330
Median_Household_Income_2018                      -18.4378 4.378   1.9581
Density_per_square_mile_of_land_area_Population    -0.9655 2.177   0.9735
Active_Physicians_per_100000_Population_2018_AAMC  -4.3246 5.517   2.4671
Total_nurse_practitioners_2019                      3.1713 1.961   0.8769
Mean_Annual_Precipitation                           4.1175 8.283   3.7042
Annual_Mean_Range_Temp                              4.4053 7.206   3.2227
Cardiovascular_diseases_Mortality_Rate_2014        29.5623 2.032   0.9089
Hypertensive_heart_disease_Mortality_Rate_2014      2.4323 2.035   0.9099
Leukemia_Mortality_Rate_2014                        2.7011 2.389   1.0684
Chronic_respiratory_diseases_Mortality_Rate_2014   -5.8729 3.604   1.6118
Asthma_Mortality_Rate_2014                          2.9497 2.019   0.9028
percent_fair_or_poor_health                        12.6175 5.181   2.3172
percent_smokers                                   -10.3343 3.659   1.6364
percent_physically_inactive                         5.0848 2.098   0.9384
percent_adults_with_diabetes                        8.4096 1.355   0.6060
percent_insufficient_sleep                        -10.0918 3.998   1.7880
                                                  Time-series SE
R_INTERNATIONAL_MIG_2018                                  0.7330
Median_Household_Income_2018                              1.9581
Density_per_square_mile_of_land_area_Population           0.9735
Active_Physicians_per_100000_Population_2018_AAMC         2.4671
Total_nurse_practitioners_2019                            0.8769
Mean_Annual_Precipitation                                 3.7042
Annual_Mean_Range_Temp                                    3.2227
Cardiovascular_diseases_Mortality_Rate_2014               0.9089
Hypertensive_heart_disease_Mortality_Rate_2014            0.9099
Leukemia_Mortality_Rate_2014                              1.0684
Chronic_respiratory_diseases_Mortality_Rate_2014          1.6118
Asthma_Mortality_Rate_2014                                0.9028
percent_fair_or_poor_health                               2.3172
percent_smokers                                           1.6364
percent_physically_inactive                               0.9384
percent_adults_with_diabetes                              0.6060
percent_insufficient_sleep                                1.7880

2. Quantiles for each variable:

                                                      2.5%     25%      50%      75%
R_INTERNATIONAL_MIG_2018                            0.1593   1.211   3.4311   3.5341
Median_Household_Income_2018                      -24.9405 -19.577 -16.7965 -15.6612
Density_per_square_mile_of_land_area_Population    -3.8618  -2.295  -0.1602   0.2596
Active_Physicians_per_100000_Population_2018_AAMC  -9.8664  -7.429  -6.3307  -1.5668
Total_nurse_practitioners_2019                      1.7083   2.512   2.5422   2.5789
Mean_Annual_Precipitation                          -2.9561  -1.309  -0.7372  10.1518
Annual_Mean_Range_Temp                             -2.9694  -1.801   5.9337   6.2335
Cardiovascular_diseases_Mortality_Rate_2014        27.0210  28.332  29.5490  31.3540
Hypertensive_heart_disease_Mortality_Rate_2014      0.5717   1.127   2.0905   2.6880
Leukemia_Mortality_Rate_2014                        1.4514   1.659   1.6811   1.7687
Chronic_respiratory_diseases_Mortality_Rate_2014   -8.7340  -7.631  -6.8284  -6.4026
Asthma_Mortality_Rate_2014                          1.1516   1.388   2.9478   3.0964
percent_fair_or_poor_health                         5.4356  11.871  11.9266  16.8190
percent_smokers                                   -15.3049 -12.537  -8.6659  -8.1925
percent_physically_inactive                         1.8235   5.530   5.6129   6.4313
percent_adults_with_diabetes                        6.6636   8.283   8.4233   8.5510
percent_insufficient_sleep                        -14.0038 -12.165 -11.4945  -8.7362
                                                     97.5%
R_INTERNATIONAL_MIG_2018                            3.5897
Median_Household_Income_2018                      -14.7226
Density_per_square_mile_of_land_area_Population     1.2890
Active_Physicians_per_100000_Population_2018_AAMC   3.3000
Total_nurse_practitioners_2019                      6.2020
Mean_Annual_Precipitation                          15.0744
Annual_Mean_Range_Temp                             13.9068
Cardiovascular_diseases_Mortality_Rate_2014        31.6669
Hypertensive_heart_disease_Mortality_Rate_2014      5.4399
Leukemia_Mortality_Rate_2014                        6.4489
Chronic_respiratory_diseases_Mortality_Rate_2014   -0.3216
Asthma_Mortality_Rate_2014                          5.8820
percent_fair_or_poor_health                        17.6569
percent_smokers                                    -6.8164
percent_physically_inactive                         6.4373
percent_adults_with_diabetes                       10.1314
percent_insufficient_sleep                         -4.3437

========================================================
Indirect:

Iterations = 1:5
Thinning interval = 1 
Number of chains = 1 
Sample size per chain = 5 

1. Empirical mean and standard deviation for each variable,
   plus standard error of the mean:

                                                     Mean     SD Naive SE
R_INTERNATIONAL_MIG_2018                           25.896  3.239    1.449
Median_Household_Income_2018                      -14.880  6.405    2.865
Density_per_square_mile_of_land_area_Population    16.527  4.479    2.003
Active_Physicians_per_100000_Population_2018_AAMC  -3.892  5.443    2.434
Total_nurse_practitioners_2019                      3.576  4.007    1.792
Mean_Annual_Precipitation                         -24.064  8.998    4.024
Annual_Mean_Range_Temp                             13.879  9.058    4.051
Cardiovascular_diseases_Mortality_Rate_2014        14.824  5.437    2.431
Hypertensive_heart_disease_Mortality_Rate_2014      9.930  6.795    3.039
Leukemia_Mortality_Rate_2014                       18.398  3.692    1.651
Chronic_respiratory_diseases_Mortality_Rate_2014  -42.321  5.258    2.352
Asthma_Mortality_Rate_2014                         -9.484  7.233    3.235
percent_fair_or_poor_health                       -24.227  7.199    3.219
percent_smokers                                    16.193  6.202    2.774
percent_physically_inactive                        11.449 10.298    4.605
percent_adults_with_diabetes                       12.438  7.710    3.448
percent_insufficient_sleep                          1.218  7.157    3.201
                                                  Time-series SE
R_INTERNATIONAL_MIG_2018                                   1.449
Median_Household_Income_2018                               2.865
Density_per_square_mile_of_land_area_Population            2.003
Active_Physicians_per_100000_Population_2018_AAMC          2.434
Total_nurse_practitioners_2019                             1.792
Mean_Annual_Precipitation                                  4.024
Annual_Mean_Range_Temp                                     4.051
Cardiovascular_diseases_Mortality_Rate_2014                2.431
Hypertensive_heart_disease_Mortality_Rate_2014             1.167
Leukemia_Mortality_Rate_2014                               1.651
Chronic_respiratory_diseases_Mortality_Rate_2014           2.352
Asthma_Mortality_Rate_2014                                 3.235
percent_fair_or_poor_health                                3.219
percent_smokers                                            1.281
percent_physically_inactive                                4.605
percent_adults_with_diabetes                               3.448
percent_insufficient_sleep                                 1.541

2. Quantiles for each variable:

                                                     2.5%     25%      50%      75%
R_INTERNATIONAL_MIG_2018                           22.042  22.867  27.7996  27.8156
Median_Household_Income_2018                      -24.005 -14.195 -14.0585 -13.7414
Density_per_square_mile_of_land_area_Population    11.847  13.846  14.6485  20.6644
Active_Physicians_per_100000_Population_2018_AAMC  -9.941  -9.118  -2.7255   0.9474
Total_nurse_practitioners_2019                     -1.191   1.670   3.6087   4.7618
Mean_Annual_Precipitation                         -35.440 -31.323 -19.0478 -18.8790
Annual_Mean_Range_Temp                              1.297  11.383  13.7105  21.7232
Cardiovascular_diseases_Mortality_Rate_2014         9.159  11.769  12.4020  19.4941
Hypertensive_heart_disease_Mortality_Rate_2014      2.310   2.782  13.9292  15.0732
Leukemia_Mortality_Rate_2014                       13.957  16.236  19.0498  19.4801
Chronic_respiratory_diseases_Mortality_Rate_2014  -46.168 -44.808 -44.2800 -43.0444
Asthma_Mortality_Rate_2014                        -15.824 -15.814 -11.5532  -4.9505
percent_fair_or_poor_health                       -33.338 -24.900 -24.5375 -23.4504
percent_smokers                                     8.012  13.999  15.8742  20.1134
percent_physically_inactive                         3.838   5.600   6.7324  12.3274
percent_adults_with_diabetes                        4.948   5.139  11.7805  18.1745
percent_insufficient_sleep                         -6.063  -5.527   0.9665   7.2443
                                                     97.5%
R_INTERNATIONAL_MIG_2018                           28.9233
Median_Household_Income_2018                       -7.9513
Density_per_square_mile_of_land_area_Population    21.7346
Active_Physicians_per_100000_Population_2018_AAMC   1.4143
Total_nurse_practitioners_2019                      8.8889
Mean_Annual_Precipitation                         -15.5418
Annual_Mean_Range_Temp                             22.3354
Cardiovascular_diseases_Mortality_Rate_2014        21.3786
Hypertensive_heart_disease_Mortality_Rate_2014     15.5571
Leukemia_Mortality_Rate_2014                       23.1151
Chronic_respiratory_diseases_Mortality_Rate_2014  -34.1416
Asthma_Mortality_Rate_2014                          0.1539
percent_fair_or_poor_health                       -14.9207
percent_smokers                                    23.2799
percent_physically_inactive                        27.2813
percent_adults_with_diabetes                       21.7706
percent_insufficient_sleep                          9.3025

========================================================
Total:

Iterations = 1:5
Thinning interval = 1 
Number of chains = 1 
Sample size per chain = 5 

1. Empirical mean and standard deviation for each variable,
   plus standard error of the mean:

                                                     Mean     SD Naive SE
R_INTERNATIONAL_MIG_2018                           28.259  4.077   1.8235
Median_Household_Income_2018                      -33.317 10.263   4.5896
Density_per_square_mile_of_land_area_Population    15.562  4.421   1.9771
Active_Physicians_per_100000_Population_2018_AAMC  -8.217  2.450   1.0955
Total_nurse_practitioners_2019                      6.747  4.297   1.9215
Mean_Annual_Precipitation                         -19.946  2.118   0.9472
Annual_Mean_Range_Temp                             18.285  2.158   0.9651
Cardiovascular_diseases_Mortality_Rate_2014        44.387  7.366   3.2940
Hypertensive_heart_disease_Mortality_Rate_2014     12.363  7.239   3.2376
Leukemia_Mortality_Rate_2014                       21.099  4.526   2.0243
Chronic_respiratory_diseases_Mortality_Rate_2014  -48.194  6.194   2.7702
Asthma_Mortality_Rate_2014                         -6.535  6.724   3.0070
percent_fair_or_poor_health                       -11.610 11.926   5.3334
percent_smokers                                     5.859  8.180   3.6582
percent_physically_inactive                        16.534 10.660   4.7671
percent_adults_with_diabetes                       20.848  8.655   3.8705
percent_insufficient_sleep                         -8.873  8.431   3.7703
                                                  Time-series SE
R_INTERNATIONAL_MIG_2018                                  1.8235
Median_Household_Income_2018                              4.5896
Density_per_square_mile_of_land_area_Population           0.7744
Active_Physicians_per_100000_Population_2018_AAMC         0.2456
Total_nurse_practitioners_2019                            1.9215
Mean_Annual_Precipitation                                 0.5185
Annual_Mean_Range_Temp                                    0.9651
Cardiovascular_diseases_Mortality_Rate_2014               3.2940
Hypertensive_heart_disease_Mortality_Rate_2014            3.2376
Leukemia_Mortality_Rate_2014                              2.0243
Chronic_respiratory_diseases_Mortality_Rate_2014          2.7702
Asthma_Mortality_Rate_2014                                3.0070
percent_fair_or_poor_health                               5.3334
percent_smokers                                           3.6582
percent_physically_inactive                               4.7671
percent_adults_with_diabetes                              3.8705
percent_insufficient_sleep                                1.9158

2. Quantiles for each variable:

                                                     2.5%     25%     50%     75%
R_INTERNATIONAL_MIG_2018                           22.423  26.298  30.258  31.334
Median_Household_Income_2018                      -48.931 -33.635 -29.856 -28.360
Density_per_square_mile_of_land_area_Population    11.584  11.884  14.488  17.818
Active_Physicians_per_100000_Population_2018_AAMC -11.345  -9.056  -8.671  -6.482
Total_nurse_practitioners_2019                      0.714   6.151   7.274   8.274
Mean_Annual_Precipitation                         -21.933 -21.172 -20.276 -19.785
Annual_Mean_Range_Temp                             15.174  17.317  19.304  19.922
Cardiovascular_diseases_Mortality_Rate_2014        36.243  40.734  41.318  51.196
Hypertensive_heart_disease_Mortality_Rate_2014      4.880   4.945  15.057  15.583
Leukemia_Mortality_Rate_2014                       15.636  17.894  21.249  24.947
Chronic_respiratory_diseases_Mortality_Rate_2014  -53.613 -53.148 -50.675 -43.926
Asthma_Mortality_Rate_2014                        -12.622 -10.428  -9.634  -3.563
percent_fair_or_poor_health                       -27.897 -12.973 -12.666  -5.700
percent_smokers                                    -6.718   7.208   7.335  11.094
percent_physically_inactive                         9.533  12.032  12.262  13.739
percent_adults_with_diabetes                       11.781  13.210  20.204  28.481
percent_insufficient_sleep                        -17.409 -14.859 -10.528  -4.677
                                                    97.5%
R_INTERNATIONAL_MIG_2018                           31.404
Median_Household_Income_2018                      -24.530
Density_per_square_mile_of_land_area_Population    21.643
Active_Physicians_per_100000_Population_2018_AAMC  -5.398
Total_nurse_practitioners_2019                     11.561
Mean_Annual_Precipitation                         -16.811
Annual_Mean_Range_Temp                             19.942
Cardiovascular_diseases_Mortality_Rate_2014        52.767
Hypertensive_heart_disease_Mortality_Rate_2014     20.779
Leukemia_Mortality_Rate_2014                       25.912
Chronic_respiratory_diseases_Mortality_Rate_2014  -39.992
Asthma_Mortality_Rate_2014                          3.079
percent_fair_or_poor_health                         1.991
percent_smokers                                    11.838
percent_physically_inactive                        33.217
percent_adults_with_diabetes                       30.497
percent_insufficient_sleep                          2.582

========================================================
Simulated standard errors
                                                    Direct  Indirect     Total
R_INTERNATIONAL_MIG_2018                          1.638936  3.239461  4.077362
Median_Household_Income_2018                      4.378372  6.405309 10.262744
Density_per_square_mile_of_land_area_Population   2.176902  4.478851  4.420945
Active_Physicians_per_100000_Population_2018_AAMC 5.516503  5.442857  2.449527
Total_nurse_practitioners_2019                    1.960767  4.006547  4.296563
Mean_Annual_Precipitation                         8.282880  8.998187  2.117982
Annual_Mean_Range_Temp                            7.206286  9.058436  2.157932
Cardiovascular_diseases_Mortality_Rate_2014       2.032302  5.436540  7.365596
Hypertensive_heart_disease_Mortality_Rate_2014    2.034606  6.794937  7.239448
Leukemia_Mortality_Rate_2014                      2.389079  3.692256  4.526455
Chronic_respiratory_diseases_Mortality_Rate_2014  3.604200  5.258290  6.194247
Asthma_Mortality_Rate_2014                        2.018645  7.232822  6.723939
percent_fair_or_poor_health                       5.181489  7.198590 11.925935
percent_smokers                                   3.659125  6.202153  8.179928
percent_physically_inactive                       2.098416 10.297993 10.659530
percent_adults_with_diabetes                      1.355120  7.709534  8.654624
percent_insufficient_sleep                        3.997982  7.156684  8.430580

Simulated z-values:
                                                      Direct   Indirect      Total
R_INTERNATIONAL_MIG_2018                           1.4417427  7.9938647  6.9306422
Median_Household_Income_2018                      -4.2111152 -2.3229972 -3.2464362
Density_per_square_mile_of_land_area_Population   -0.4435430  3.6900951  3.5200253
Active_Physicians_per_100000_Population_2018_AAMC -0.7839432 -0.7151317 -3.3545183
Total_nurse_practitioners_2019                     1.6174003  0.8924629  1.5703342
Mean_Annual_Precipitation                          0.4971149 -2.6742946 -9.4175767
Annual_Mean_Range_Temp                             0.6113071  1.5321998  8.4731988
Cardiovascular_diseases_Mortality_Rate_2014       14.5462230  2.7268000  6.0262174
Hypertensive_heart_disease_Mortality_Rate_2014     1.1954756  1.4614541  1.7077007
Leukemia_Mortality_Rate_2014                       1.1306204  4.9827774  4.6612256
Chronic_respiratory_diseases_Mortality_Rate_2014  -1.6294558 -8.0484195 -7.7804139
Asthma_Mortality_Rate_2014                         1.4612406 -1.3112868 -0.9718378
percent_fair_or_poor_health                        2.4351096 -3.3655692 -0.9734968
percent_smokers                                   -2.8242605  2.6108768  0.7162332
percent_physically_inactive                        2.4231442  1.1117849  1.5510927
percent_adults_with_diabetes                       6.2058162  1.6133489  2.4088620
percent_insufficient_sleep                        -2.5242311  0.1702472 -1.0525283

Simulated p-values:
                                                  Direct                
R_INTERNATIONAL_MIG_2018                          0.149375              
Median_Household_Income_2018                      0.00002541131520      
Density_per_square_mile_of_land_area_Population   0.657373              
Active_Physicians_per_100000_Population_2018_AAMC 0.433073              
Total_nurse_practitioners_2019                    0.105792              
Mean_Annual_Precipitation                         0.619108              
Annual_Mean_Range_Temp                            0.540996              
Cardiovascular_diseases_Mortality_Rate_2014       < 0.000000000000000222
Hypertensive_heart_disease_Mortality_Rate_2014    0.231901              
Leukemia_Mortality_Rate_2014                      0.258215              
Chronic_respiratory_diseases_Mortality_Rate_2014  0.103217              
Asthma_Mortality_Rate_2014                        0.143949              
percent_fair_or_poor_health                       0.014887              
percent_smokers                                   0.004739              
percent_physically_inactive                       0.015387              
percent_adults_with_diabetes                      0.00000000054414      
percent_insufficient_sleep                        0.011595              
                                                  Indirect              
R_INTERNATIONAL_MIG_2018                          0.00000000000000133227
Median_Household_Income_2018                      0.02017930            
Density_per_square_mile_of_land_area_Population   0.00022417            
Active_Physicians_per_100000_Population_2018_AAMC 0.47452764            
Total_nurse_practitioners_2019                    0.37214488            
Mean_Annual_Precipitation                         0.00748866            
Annual_Mean_Range_Temp                            0.12547315            
Cardiovascular_diseases_Mortality_Rate_2014       0.00639518            
Hypertensive_heart_disease_Mortality_Rate_2014    0.14389086            
Leukemia_Mortality_Rate_2014                      0.00000062678054546517
Chronic_respiratory_diseases_Mortality_Rate_2014  0.00000000000000088818
Asthma_Mortality_Rate_2014                        0.18976088            
percent_fair_or_poor_health                       0.00076386            
percent_smokers                                   0.00903104            
percent_physically_inactive                       0.26623063            
percent_adults_with_diabetes                      0.10666872            
percent_insufficient_sleep                        0.86481571            
                                                  Total                 
R_INTERNATIONAL_MIG_2018                          0.0000000000041893156 
Median_Household_Income_2018                      0.00116860            
Density_per_square_mile_of_land_area_Population   0.00043151            
Active_Physicians_per_100000_Population_2018_AAMC 0.00079503            
Total_nurse_practitioners_2019                    0.11633739            
Mean_Annual_Precipitation                         < 0.000000000000000222
Annual_Mean_Range_Temp                            < 0.000000000000000222
Cardiovascular_diseases_Mortality_Rate_2014       0.0000000016784136303 
Hypertensive_heart_disease_Mortality_Rate_2014    0.08769189            
Leukemia_Mortality_Rate_2014                      0.0000031433198803832 
Chronic_respiratory_diseases_Mortality_Rate_2014  0.0000000000000073275 
Asthma_Mortality_Rate_2014                        0.33113127            
percent_fair_or_poor_health                       0.33030644            
percent_smokers                                   0.47384738            
percent_physically_inactive                       0.12087947            
percent_adults_with_diabetes                      0.01600235            
percent_insufficient_sleep                        0.29255723            
> 
> #Moran's I test for residuals
> moran.mc(reg.SDM$residuals, listw1, 500, zero.policy = TRUE)

	Monte-Carlo simulation of Moran I

data:  reg.SDM$residuals 
weights: listw1  
number of simulations + 1: 501 

statistic = -0.030112, observed rank = 1, p-value = 0.998
alternative hypothesis: greater

> ######################## SARAR Model ########################
> #SARAR a.k.a. Kelejian-Prucha, Cliff-Ord, or SAC If all T=0,y=pWy+Xß+u, u=LWu+e
> start.time.SARAR <- Sys.time()
> #reg.SARAR = sacsarlm(formula, MT10.Scaled, listw1, type = "sac", zero.policy = TRUE)
> reg.SARAR = sacsarlm(formula, MT10_scaled_lasso, listw1, type = "sac", zero.policy = TRUE)
> end.time.SARAR <- Sys.time()
> time.taken.SARAR <- end.time.SARAR - start.time.SARAR
> time.taken.SARAR
Time difference of 12.8313 mins
> 
> summary(reg.SARAR)

Call:sacsarlm(formula = formula, data = MT10_scaled_lasso, listw = listw1, 
    type = "sac", zero.policy = TRUE)

Residuals:
      Min        1Q    Median        3Q       Max 
-335.7452  -46.5860   -9.8712   34.8295  530.2521 

Type: sac 
Coefficients: (asymptotic standard errors) 
                                                   Estimate Std. Error z value
(Intercept)                                       298.40719   11.18945 26.6686
R_INTERNATIONAL_MIG_2018                           -1.55072    1.63785 -0.9468
Median_Household_Income_2018                      -16.11051    3.03566 -5.3071
Density_per_square_mile_of_land_area_Population     0.39654    2.43231  0.1630
Active_Physicians_per_100000_Population_2018_AAMC -15.18192    4.30036 -3.5304
Total_nurse_practitioners_2019                      1.73575    1.89077  0.9180
Mean_Annual_Precipitation                           3.17285    4.94283  0.6419
Annual_Mean_Range_Temp                             14.98721    4.82637  3.1053
Cardiovascular_diseases_Mortality_Rate_2014        24.88481    3.04628  8.1689
Hypertensive_heart_disease_Mortality_Rate_2014      0.95583    1.92335  0.4970
Leukemia_Mortality_Rate_2014                        2.40267    2.53348  0.9484
Chronic_respiratory_diseases_Mortality_Rate_2014   -1.58893    2.79340 -0.5688
Asthma_Mortality_Rate_2014                          6.21569    2.68478  2.3152
percent_fair_or_poor_health                        18.34686    4.69935  3.9041
percent_smokers                                   -15.76915    4.10756 -3.8391
percent_physically_inactive                         3.91826    2.14946  1.8229
percent_adults_with_diabetes                        5.30506    1.79203  2.9604
percent_insufficient_sleep                         -8.33976    3.46126 -2.4095
                                                               Pr(>|z|)
(Intercept)                                       < 0.00000000000000022
R_INTERNATIONAL_MIG_2018                                      0.3437385
Median_Household_Income_2018                       0.000000111396335711
Density_per_square_mile_of_land_area_Population               0.8704950
Active_Physicians_per_100000_Population_2018_AAMC             0.0004150
Total_nurse_practitioners_2019                                0.3586131
Mean_Annual_Precipitation                                     0.5209325
Annual_Mean_Range_Temp                                        0.0019010
Cardiovascular_diseases_Mortality_Rate_2014        0.000000000000000222
Hypertensive_heart_disease_Mortality_Rate_2014                0.6192162
Leukemia_Mortality_Rate_2014                                  0.3429425
Chronic_respiratory_diseases_Mortality_Rate_2014              0.5694801
Asthma_Mortality_Rate_2014                                    0.0206043
percent_fair_or_poor_health                        0.000094565092489285
percent_smokers                                               0.0001235
percent_physically_inactive                                   0.0683174
percent_adults_with_diabetes                                  0.0030728
percent_insufficient_sleep                                    0.0159763

Rho: -0.53674
Asymptotic standard error: 0.043863
    z-value: -12.237, p-value: < 0.000000000000000222
Lambda: 0.81318
Asymptotic standard error: 0.017884
    z-value: 45.469, p-value: < 0.000000000000000222

LR test value: 660.06, p-value: < 0.000000000000000222

Log likelihood: -18486.28 for sac model
ML residual variance (sigma squared): 6244.6, (sigma: 79.023)
Number of observations: 3133 
Number of parameters estimated: 21 
AIC: 37015, (AIC for lm: 37671)

> 
> SARAR.R_squared = 1-(sum(reg.SARAR$residuals^2)/((sd(MT10$Mortality_Rate, na.rm = TRUE)^2)*
+                                                    (length(MT10$Mortality_Rate)-1)))
> 
> #Calculating Mean squared error
> SARAR.MSE = mean(reg.SARAR$residuals^2)
> 
> SARAR.R_squared
[1] 0.5155506
> SARAR.MSE
[1] 6244.61
> 
> summary(impacts(reg.SARAR,listw = listw1,R = 5), zstats = TRUE) #Add zstats for pvals
Impact measures (sac, exact):
                                                       Direct   Indirect       Total
R_INTERNATIONAL_MIG_2018                           -1.6251154  0.6160185  -1.0090969
Median_Household_Income_2018                      -16.8834011  6.3998457 -10.4835553
Density_per_square_mile_of_land_area_Population     0.4155621 -0.1575236   0.2580386
Active_Physicians_per_100000_Population_2018_AAMC -15.9102627  6.0309666  -9.8792962
Total_nurse_practitioners_2019                      1.8190179 -0.6895195   1.1294984
Mean_Annual_Precipitation                           3.3250613 -1.2604024   2.0646589
Annual_Mean_Range_Temp                             15.7062075 -5.9536171   9.7525904
Cardiovascular_diseases_Mortality_Rate_2014        26.0786446 -9.8854077  16.1932369
Hypertensive_heart_disease_Mortality_Rate_2014      1.0016878 -0.3797012   0.6219866
Leukemia_Mortality_Rate_2014                        2.5179324 -0.9544510   1.5634814
Chronic_respiratory_diseases_Mortality_Rate_2014   -1.6651599  0.6311979  -1.0339621
Asthma_Mortality_Rate_2014                          6.5138877 -2.4691634   4.0447243
percent_fair_or_poor_health                        19.2270371 -7.2882277  11.9388094
percent_smokers                                   -16.5256647  6.2642417 -10.2614230
percent_physically_inactive                         4.1062396 -1.5565169   2.5497226
percent_adults_with_diabetes                        5.5595657 -2.1074168   3.4521489
percent_insufficient_sleep                         -8.7398498  3.3129398  -5.4269101
========================================================
Simulation results ( variance matrix):
Direct:

Iterations = 1:5
Thinning interval = 1 
Number of chains = 1 
Sample size per chain = 5 

1. Empirical mean and standard deviation for each variable,
   plus standard error of the mean:

                                                      Mean    SD Naive SE
R_INTERNATIONAL_MIG_2018                           -1.1105 1.446   0.6469
Median_Household_Income_2018                      -15.2622 2.935   1.3126
Density_per_square_mile_of_land_area_Population     1.9251 2.963   1.3252
Active_Physicians_per_100000_Population_2018_AAMC -13.7707 4.007   1.7920
Total_nurse_practitioners_2019                      1.7093 3.165   1.4155
Mean_Annual_Precipitation                           3.2641 2.524   1.1287
Annual_Mean_Range_Temp                             20.2719 4.114   1.8397
Cardiovascular_diseases_Mortality_Rate_2014        24.6568 3.141   1.4045
Hypertensive_heart_disease_Mortality_Rate_2014      0.2562 1.918   0.8578
Leukemia_Mortality_Rate_2014                        2.3089 2.130   0.9525
Chronic_respiratory_diseases_Mortality_Rate_2014   -0.4844 2.612   1.1682
Asthma_Mortality_Rate_2014                          8.0637 1.305   0.5837
percent_fair_or_poor_health                        18.7841 6.192   2.7690
percent_smokers                                   -16.4749 2.788   1.2467
percent_physically_inactive                         3.5533 3.529   1.5783
percent_adults_with_diabetes                        4.8068 1.070   0.4785
percent_insufficient_sleep                         -7.1303 5.690   2.5444
                                                  Time-series SE
R_INTERNATIONAL_MIG_2018                                  0.2368
Median_Household_Income_2018                              1.3126
Density_per_square_mile_of_land_area_Population           1.3252
Active_Physicians_per_100000_Population_2018_AAMC         1.7920
Total_nurse_practitioners_2019                            1.4155
Mean_Annual_Precipitation                                 1.1287
Annual_Mean_Range_Temp                                    1.8397
Cardiovascular_diseases_Mortality_Rate_2014               0.8024
Hypertensive_heart_disease_Mortality_Rate_2014            0.3976
Leukemia_Mortality_Rate_2014                              0.9525
Chronic_respiratory_diseases_Mortality_Rate_2014          1.1682
Asthma_Mortality_Rate_2014                                0.5837
percent_fair_or_poor_health                               2.7690
percent_smokers                                           1.2467
percent_physically_inactive                               0.6588
percent_adults_with_diabetes                              0.4785
percent_insufficient_sleep                                2.5444

2. Quantiles for each variable:

                                                      2.5%      25%      50%      75%
R_INTERNATIONAL_MIG_2018                           -2.8588  -2.3818  -0.4434  -0.1991
Median_Household_Income_2018                      -19.2698 -16.7986 -14.1926 -13.7069
Density_per_square_mile_of_land_area_Population    -2.3618   1.5892   2.0230   3.9916
Active_Physicians_per_100000_Population_2018_AAMC -18.1716 -17.6744 -12.6194 -11.1207
Total_nurse_practitioners_2019                     -0.9500  -0.8456   1.1385   2.4524
Mean_Annual_Precipitation                           0.7738   1.2474   3.1989   4.1193
Annual_Mean_Range_Temp                             15.5068  16.7165  21.6029  22.4381
Cardiovascular_diseases_Mortality_Rate_2014        20.9357  22.3628  24.6598  27.5174
Hypertensive_heart_disease_Mortality_Rate_2014     -1.6799  -1.0868  -0.2936   1.4906
Leukemia_Mortality_Rate_2014                       -0.5875   1.9288   2.3159   3.1841
Chronic_respiratory_diseases_Mortality_Rate_2014   -2.8288  -1.5486  -1.2273  -0.5964
Asthma_Mortality_Rate_2014                          6.2315   7.4159   8.6996   8.7495
percent_fair_or_poor_health                        12.6141  12.6557  18.9477  23.4472
percent_smokers                                   -19.8412 -16.7852 -16.7236 -16.3547
percent_physically_inactive                        -0.7445   0.4159   5.1574   6.3784
percent_adults_with_diabetes                        3.3067   4.2281   5.2871   5.6473
percent_insufficient_sleep                        -14.3041 -10.3019  -6.6823  -3.9222
                                                     97.5%
R_INTERNATIONAL_MIG_2018                            0.3255
Median_Household_Income_2018                      -12.2325
Density_per_square_mile_of_land_area_Population     4.7394
Active_Physicians_per_100000_Population_2018_AAMC  -9.4030
Total_nurse_practitioners_2019                      6.3316
Mean_Annual_Precipitation                           6.7423
Annual_Mean_Range_Temp                             24.9507
Cardiovascular_diseases_Mortality_Rate_2014        27.9218
Hypertensive_heart_disease_Mortality_Rate_2014      2.7740
Leukemia_Mortality_Rate_2014                        4.8028
Chronic_respiratory_diseases_Mortality_Rate_2014    3.4698
Asthma_Mortality_Rate_2014                          9.2932
percent_fair_or_poor_health                        25.9792
percent_smokers                                   -12.7328
percent_physically_inactive                         6.6574
percent_adults_with_diabetes                        5.6652
percent_insufficient_sleep                         -0.3892

========================================================
Indirect:

Iterations = 1:5
Thinning interval = 1 
Number of chains = 1 
Sample size per chain = 5 

1. Empirical mean and standard deviation for each variable,
   plus standard error of the mean:

                                                     Mean     SD Naive SE
R_INTERNATIONAL_MIG_2018                           0.4050 0.5214   0.2332
Median_Household_Income_2018                       5.6400 1.1360   0.5081
Density_per_square_mile_of_land_area_Population   -0.6921 1.1060   0.4946
Active_Physicians_per_100000_Population_2018_AAMC  5.1160 1.6327   0.7301
Total_nurse_practitioners_2019                    -0.6141 1.1533   0.5158
Mean_Annual_Precipitation                         -1.2003 0.9371   0.4191
Annual_Mean_Range_Temp                            -7.4767 1.5282   0.6834
Cardiovascular_diseases_Mortality_Rate_2014       -9.1154 1.3468   0.6023
Hypertensive_heart_disease_Mortality_Rate_2014    -0.1093 0.7226   0.3232
Leukemia_Mortality_Rate_2014                      -0.8472 0.7612   0.3404
Chronic_respiratory_diseases_Mortality_Rate_2014   0.1871 0.9590   0.4289
Asthma_Mortality_Rate_2014                        -2.9710 0.4662   0.2085
percent_fair_or_poor_health                       -6.8891 2.1293   0.9522
percent_smokers                                    6.0679 0.9457   0.4229
percent_physically_inactive                       -1.3281 1.3200   0.5903
percent_adults_with_diabetes                      -1.7679 0.3674   0.1643
percent_insufficient_sleep                         2.6029 2.0807   0.9305
                                                  Time-series SE
R_INTERNATIONAL_MIG_2018                                 0.08848
Median_Household_Income_2018                             0.50806
Density_per_square_mile_of_land_area_Population          0.49460
Active_Physicians_per_100000_Population_2018_AAMC        0.73015
Total_nurse_practitioners_2019                           0.51575
Mean_Annual_Precipitation                                0.41908
Annual_Mean_Range_Temp                                   0.68342
Cardiovascular_diseases_Mortality_Rate_2014              0.21255
Hypertensive_heart_disease_Mortality_Rate_2014           0.15173
Leukemia_Mortality_Rate_2014                             0.34040
Chronic_respiratory_diseases_Mortality_Rate_2014         0.42889
Asthma_Mortality_Rate_2014                               0.20849
percent_fair_or_poor_health                              0.95224
percent_smokers                                          0.42294
percent_physically_inactive                              0.23481
percent_adults_with_diabetes                             0.16430
percent_insufficient_sleep                               0.93051

2. Quantiles for each variable:

                                                      2.5%      25%     50%     75%
R_INTERNATIONAL_MIG_2018                           -0.1182  0.07336  0.1710  0.8888
Median_Household_Income_2018                        4.3450  4.98070  5.4743  6.2690
Density_per_square_mile_of_land_area_Population    -1.7242 -1.47086 -0.7550 -0.5628
Active_Physicians_per_100000_Population_2018_AAMC   3.3405  4.04093  4.6501  6.5959
Total_nurse_practitioners_2019                     -2.2985 -0.86858 -0.4249  0.3262
Mean_Annual_Precipitation                          -2.5121 -1.49682 -1.1330 -0.4811
Annual_Mean_Range_Temp                             -9.3008 -8.26823 -7.8499 -5.9293
Cardiovascular_diseases_Mortality_Rate_2014       -10.7083 -9.99901 -9.0869 -8.3455
Hypertensive_heart_disease_Mortality_Rate_2014     -1.0681 -0.55626  0.1067  0.3849
Leukemia_Mortality_Rate_2014                       -1.7056 -1.17331 -0.8933 -0.7198
Chronic_respiratory_diseases_Mortality_Rate_2014   -1.2605  0.21978  0.4347  0.5973
Asthma_Mortality_Rate_2014                         -3.4621 -3.20571 -3.1793 -2.6265
percent_fair_or_poor_health                        -9.4185 -8.30426 -7.0711 -4.8815
percent_smokers                                     4.6992  6.09924  6.2411  6.3082
percent_physically_inactive                        -2.4572 -2.43036 -1.9247 -0.1473
percent_adults_with_diabetes                       -2.0788 -2.05928 -1.8725 -1.6308
percent_insufficient_sleep                          0.1433  1.44529  2.3667  3.8445
                                                    97.5%
R_INTERNATIONAL_MIG_2018                           1.0170
Median_Household_Income_2018                       7.1086
Density_per_square_mile_of_land_area_Population    0.9160
Active_Physicians_per_100000_Population_2018_AAMC  6.9868
Total_nurse_practitioners_2019                     0.3515
Mean_Annual_Precipitation                         -0.2873
Annual_Mean_Range_Temp                            -5.9213
Cardiovascular_diseases_Mortality_Rate_2014       -7.4573
Hypertensive_heart_disease_Mortality_Rate_2014     0.6175
Leukemia_Mortality_Rate_2014                       0.2116
Chronic_respiratory_diseases_Mortality_Rate_2014   1.0576
Asthma_Mortality_Rate_2014                        -2.3802
percent_fair_or_poor_health                       -4.6700
percent_smokers                                    7.0635
percent_physically_inactive                        0.2749
percent_adults_with_diabetes                      -1.2393
percent_insufficient_sleep                         5.2078

========================================================
Total:

Iterations = 1:5
Thinning interval = 1 
Number of chains = 1 
Sample size per chain = 5 

1. Empirical mean and standard deviation for each variable,
   plus standard error of the mean:

                                                      Mean     SD Naive SE
R_INTERNATIONAL_MIG_2018                           -0.7054 0.9255   0.4139
Median_Household_Income_2018                       -9.6222 1.8155   0.8119
Density_per_square_mile_of_land_area_Population     1.2330 1.8574   0.8307
Active_Physicians_per_100000_Population_2018_AAMC  -8.6547 2.3772   1.0631
Total_nurse_practitioners_2019                      1.0952 2.0121   0.8998
Mean_Annual_Precipitation                           2.0638 1.5876   0.7100
Annual_Mean_Range_Temp                             12.7953 2.6056   1.1653
Cardiovascular_diseases_Mortality_Rate_2014        15.5413 1.8319   0.8192
Hypertensive_heart_disease_Mortality_Rate_2014      0.1469 1.1956   0.5347
Leukemia_Mortality_Rate_2014                        1.4617 1.3699   0.6126
Chronic_respiratory_diseases_Mortality_Rate_2014   -0.2973 1.6534   0.7394
Asthma_Mortality_Rate_2014                          5.0927 0.8492   0.3798
percent_fair_or_poor_health                        11.8950 4.0698   1.8201
percent_smokers                                   -10.4070 1.8693   0.8360
percent_physically_inactive                         2.2252 2.2109   0.9887
percent_adults_with_diabetes                        3.0389 0.7071   0.3162
percent_insufficient_sleep                         -4.5275 3.6101   1.6145
                                                  Time-series SE
R_INTERNATIONAL_MIG_2018                                  0.1489
Median_Household_Income_2018                              0.8119
Density_per_square_mile_of_land_area_Population           0.8307
Active_Physicians_per_100000_Population_2018_AAMC         1.0631
Total_nurse_practitioners_2019                            0.8998
Mean_Annual_Precipitation                                 0.7100
Annual_Mean_Range_Temp                                    1.1653
Cardiovascular_diseases_Mortality_Rate_2014               0.8192
Hypertensive_heart_disease_Mortality_Rate_2014            0.2460
Leukemia_Mortality_Rate_2014                              0.6126
Chronic_respiratory_diseases_Mortality_Rate_2014          0.7394
Asthma_Mortality_Rate_2014                                0.3798
percent_fair_or_poor_health                               1.8201
percent_smokers                                           0.8360
percent_physically_inactive                               0.4252
percent_adults_with_diabetes                              0.3162
percent_insufficient_sleep                                1.6145

2. Quantiles for each variable:

                                                      2.5%      25%      50%      75%
R_INTERNATIONAL_MIG_2018                           -1.8418  -1.4929  -0.2724  -0.1257
Median_Household_Income_2018                      -12.1612 -10.5296  -8.7262  -8.7184
Density_per_square_mile_of_land_area_Population    -1.4458   1.0264   1.2680   2.5207
Active_Physicians_per_100000_Population_2018_AAMC -11.1847 -11.0785  -7.9692  -7.0798
Total_nurse_practitioners_2019                     -0.5985  -0.5195   0.7136   1.5839
Mean_Annual_Precipitation                           0.4865   0.7662   2.0660   2.6225
Annual_Mean_Range_Temp                              9.5784  10.7960  13.7530  14.1699
Cardiovascular_diseases_Mortality_Rate_2014        13.4784  14.0172  15.5729  17.1797
Hypertensive_heart_disease_Mortality_Rate_2014     -1.0624  -0.7019  -0.1869   0.9343
Leukemia_Mortality_Rate_2014                       -0.3759   1.2090   1.4226   2.0108
Chronic_respiratory_diseases_Mortality_Rate_2014   -1.7712  -0.9513  -0.7927  -0.3766
Asthma_Mortality_Rate_2014                          3.8513   4.7894   5.4939   5.5702
percent_fair_or_poor_health                         7.7932   7.9630  11.8767  15.1429
percent_smokers                                   -12.7986 -10.6859 -10.4826 -10.0465
percent_physically_inactive                        -0.4695   0.2686   3.2327   3.9182
percent_adults_with_diabetes                        2.0674   2.5973   3.4146   3.5663
percent_insufficient_sleep                         -9.0963  -6.4573  -4.3156  -2.4769
                                                    97.5%
R_INTERNATIONAL_MIG_2018                           0.2073
Median_Household_Income_2018                      -7.8867
Density_per_square_mile_of_land_area_Population    3.0152
Active_Physicians_per_100000_Population_2018_AAMC -6.0625
Total_nurse_practitioners_2019                     4.0331
Mean_Annual_Precipitation                          4.2302
Annual_Mean_Range_Temp                            15.6500
Cardiovascular_diseases_Mortality_Rate_2014       17.4845
Hypertensive_heart_disease_Mortality_Rate_2014     1.7059
Leukemia_Mortality_Rate_2014                       3.0973
Chronic_respiratory_diseases_Mortality_Rate_2014   2.2093
Asthma_Mortality_Rate_2014                         5.8337
percent_fair_or_poor_health                       16.5607
percent_smokers                                   -8.0127
percent_physically_inactive                        4.2240
percent_adults_with_diabetes                       3.6037
percent_insufficient_sleep                        -0.2458

========================================================
Simulated standard errors
                                                    Direct  Indirect     Total
R_INTERNATIONAL_MIG_2018                          1.446477 0.5214059 0.9255480
Median_Household_Income_2018                      2.935089 1.1360473 1.8154827
Density_per_square_mile_of_land_area_Population   2.963180 1.1059670 1.8574448
Active_Physicians_per_100000_Population_2018_AAMC 4.007013 1.6326545 2.3772030
Total_nurse_practitioners_2019                    3.165247 1.1532593 2.0121123
Mean_Annual_Precipitation                         2.523839 0.9370862 1.5875793
Annual_Mean_Range_Temp                            4.113783 1.5281648 2.6055940
Cardiovascular_diseases_Mortality_Rate_2014       3.140594 1.3467694 1.8318753
Hypertensive_heart_disease_Mortality_Rate_2014    1.918036 0.7226142 1.1956231
Leukemia_Mortality_Rate_2014                      2.129951 0.7611568 1.3699017
Chronic_respiratory_diseases_Mortality_Rate_2014  2.612133 0.9590228 1.6533552
Asthma_Mortality_Rate_2014                        1.305248 0.4662051 0.8492409
percent_fair_or_poor_health                       6.191755 2.1292825 4.0698238
percent_smokers                                   2.787640 0.9457169 1.8693069
percent_physically_inactive                       3.529238 1.3199600 2.2109025
percent_adults_with_diabetes                      1.070042 0.3673917 0.7070544
percent_insufficient_sleep                        5.689518 2.0806877 3.6100683

Simulated z-values:
                                                      Direct   Indirect      Total
R_INTERNATIONAL_MIG_2018                          -0.7676932  0.7767613 -0.7621894
Median_Household_Income_2018                      -5.1999221  4.9646228 -5.3000719
Density_per_square_mile_of_land_area_Population    0.6496716 -0.6258261  0.6637888
Active_Physicians_per_100000_Population_2018_AAMC -3.4366435  3.1335277 -3.6407099
Total_nurse_practitioners_2019                     0.5400100 -0.5324526  0.5443082
Mean_Annual_Precipitation                          1.2933031 -1.2808954  1.2999539
Annual_Mean_Range_Temp                             4.9278116 -4.8925769  4.9106974
Cardiovascular_diseases_Mortality_Rate_2014        7.8509877 -6.7683626  8.4838440
Hypertensive_heart_disease_Mortality_Rate_2014     0.1335737 -0.1512094  0.1228925
Leukemia_Mortality_Rate_2014                       1.0840071 -1.1130490  1.0669941
Chronic_respiratory_diseases_Mortality_Rate_2014  -0.1854290  0.1951034 -0.1797898
Asthma_Mortality_Rate_2014                         6.1778989 -6.3727043  5.9967680
percent_fair_or_poor_health                        3.0337352 -3.2354169  2.9227380
percent_smokers                                   -5.9099908  6.4161906 -5.5673185
percent_physically_inactive                        1.0068238 -1.0061959  1.0064591
percent_adults_with_diabetes                       4.4921678 -4.8120009  4.2980021
percent_insufficient_sleep                        -1.2532423  1.2509750 -1.2541191

Simulated p-values:
                                                  Direct               
R_INTERNATIONAL_MIG_2018                          0.44266948           
Median_Household_Income_2018                      0.0000001993720157856
Density_per_square_mile_of_land_area_Population   0.51590436           
Active_Physicians_per_100000_Population_2018_AAMC 0.00058897           
Total_nurse_practitioners_2019                    0.58919012           
Mean_Annual_Precipitation                         0.19590624           
Annual_Mean_Range_Temp                            0.0000008315575519280
Cardiovascular_diseases_Mortality_Rate_2014       0.0000000000000042188
Hypertensive_heart_disease_Mortality_Rate_2014    0.89373967           
Leukemia_Mortality_Rate_2014                      0.27836165           
Chronic_respiratory_diseases_Mortality_Rate_2014  0.85289257           
Asthma_Mortality_Rate_2014                        0.0000000006496025939
percent_fair_or_poor_health                       0.00241546           
percent_smokers                                   0.0000000034212694899
percent_physically_inactive                       0.31401947           
percent_adults_with_diabetes                      0.0000070501838256298
percent_insufficient_sleep                        0.21011755           
                                                  Indirect         
R_INTERNATIONAL_MIG_2018                          0.4372996        
Median_Household_Income_2018                      0.000000688347261
Density_per_square_mile_of_land_area_Population   0.5314290        
Active_Physicians_per_100000_Population_2018_AAMC 0.0017272        
Total_nurse_practitioners_2019                    0.5944125        
Mean_Annual_Precipitation                         0.2002304        
Annual_Mean_Range_Temp                            0.000000995242126
Cardiovascular_diseases_Mortality_Rate_2014       0.000000000013025
Hypertensive_heart_disease_Mortality_Rate_2014    0.8798105        
Leukemia_Mortality_Rate_2014                      0.2656874        
Chronic_respiratory_diseases_Mortality_Rate_2014  0.8453120        
Asthma_Mortality_Rate_2014                        0.000000000185724
percent_fair_or_poor_health                       0.0012147        
percent_smokers                                   0.000000000139726
percent_physically_inactive                       0.3143214        
percent_adults_with_diabetes                      0.000001494267142
percent_insufficient_sleep                        0.2109436        
                                                  Total                 
R_INTERNATIONAL_MIG_2018                          0.44594699            
Median_Household_Income_2018                      0.0000001157571       
Density_per_square_mile_of_land_area_Population   0.50682547            
Active_Physicians_per_100000_Population_2018_AAMC 0.00027189            
Total_nurse_practitioners_2019                    0.58622943            
Mean_Annual_Precipitation                         0.19361678            
Annual_Mean_Range_Temp                            0.0000009075302       
Cardiovascular_diseases_Mortality_Rate_2014       < 0.000000000000000222
Hypertensive_heart_disease_Mortality_Rate_2014    0.90219221            
Leukemia_Mortality_Rate_2014                      0.28597451            
Chronic_respiratory_diseases_Mortality_Rate_2014  0.85731756            
Asthma_Mortality_Rate_2014                        0.0000000020128       
percent_fair_or_poor_health                       0.00346968            
percent_smokers                                   0.0000000258689       
percent_physically_inactive                       0.31419479            
percent_adults_with_diabetes                      0.0000172344549       
percent_insufficient_sleep                        0.20979872            
> 
> #Moran's I test for residuals
> moran.mc(reg.SARAR$residuals, listw1, 500, zero.policy = TRUE)

	Monte-Carlo simulation of Moran I

data:  reg.SARAR$residuals 
weights: listw1  
number of simulations + 1: 501 

statistic = -0.023833, observed rank = 15, p-value = 0.9701
alternative hypothesis: greater

> ######################## Model Restriction ########################
> #To see which kind of models are suitable for our analysis first think of the
> #set of models to be local or global.
> #In case of global if the behavior of one county affects the entire state
> #or, if local, behavior in one county only affects neighboring counties.
> #In our case a global is more sensible.
> 
> #LR Tests: Test Model Restrictions: 
> #The null hypothesis is that restricted coefficients = 0 and restricting the 
> #model is OK!.
> #The df(degrees of freedom) is the # of those variables we want to restrict and
> #in this case is the lagged variables.
> LR.Sarlm(reg.SEM, reg.SDEM) #likelihood ratio test to see if SDEM should be restricted to the SEM. 

	Likelihood ratio for spatial linear models

data:  
Likelihood ratio = -73.128, df = 17, p-value = 0.000000006198
sample estimates:
 Log likelihood of reg.SEM Log likelihood of reg.SDEM 
                 -18518.91                  -18482.35 

> #You can test any model to see if it should be restricted to a simpler, NESTED model. 
> #SDM and SDEM are not nested, as one cannot be simplified into the other.
> LR.Sarlm(reg.SDEM, reg.SEM) #order you put the models in doesn't matter

	Likelihood ratio for spatial linear models

data:  
Likelihood ratio = 73.128, df = 17, p-value = 0.000000006198
sample estimates:
Log likelihood of reg.SDEM  Log likelihood of reg.SEM 
                 -18482.35                  -18518.91 

> 
> #The df here is 1 that is for lambda to be equal to zero
> LR.Sarlm(reg.SDM, reg.SLX) #likelihood ratio test to see if SDM should be restricted to the SLX. 

	Likelihood ratio for spatial linear models

data:  
Likelihood ratio = 508.2, df = 1, p-value < 0.00000000000000022
sample estimates:
Log likelihood of reg.SDM Log likelihood of reg.SLX 
                -18468.97                 -18723.07 

> #The df here is 5 that is the # of spatially lagged X's and 1 error multiplier.
> LR.Sarlm(reg.SDM, reg.SAR) #likelihood ratio test to see if SDM should be restricted to SAR. 

	Likelihood ratio for spatial linear models

data:  
Likelihood ratio = 87.848, df = 17, p-value = 0.000000000015
sample estimates:
Log likelihood of reg.SDM Log likelihood of reg.SAR 
                -18468.97                 -18512.89 

> #The same process can be done with the set of spatial global models.
> LR.Sarlm(reg.SDM, reg.lm) #likelihood ratio test to see if SDM should be restricted to lm. 

	Likelihood ratio for spatial linear models

data:  
Likelihood ratio = 694.68, df = 18, p-value < 0.00000000000000022
sample estimates:
Log likelihood of reg.SDM  Log likelihood of reg.lm 
                -18468.97                 -18816.31
				
> ######################## Heteroskedasticity Testing ########################
> #Do a spatial Breusch-Pagan Test for Heteroskedasticity
> #It is assumed that the error (a.k.a residual) of a regression model is
> #homoscedastic across all values of the predicted value of the DV.
> #Heteroskedasticity probably effects our error terms and p-values so we must be
> #cautious if the alpha value and p-values are very close.
> bptest.Sarlm(reg.SDEM, studentize = TRUE)

	studentized Breusch-Pagan test

data:  
BP = 186.08, df = 34, p-value < 0.00000000000000022

> plot(reg.SDEM$fitted.values, reg.SDEM$residuals)
> 
> library(lmtest)
> bptest(reg.SLX) # For not-sarlm objects

	studentized Breusch-Pagan test

data:  reg.SLX
BP = 189, df = 34, p-value < 0.00000000000000022

> plot(reg.SLX$fitted.values, reg.SLX$residuals)
> 
> #Not correcting for heteroskedasticity may not be a grave sin. If the sample size
> #is sufficiently large, the variance of your estimators may be small enough to
> #still produce precise estimates. Heteroskedasticity is a common issue in
> #cross-sectional data sets.

> ######################## Regression With Robust Standard Errors ########################
> #If we're willing to accept the fact that ordinary least squares no longer
> #produces the best linear unbiased estimators (BLUE), we can still perform our
> #regression analysis to correct the issue of incorrect standard errors so that
> #our interval estimates and hypothesis tests are valid. We do this by using
> #heteroskedasticity-consistent standard errors or simply robust standard errors.
> library(sandwich)
> coeftest(reg.lm, vcov = vcovHC(reg.lm, "HC1"))  # HC1 gives us the White standard errors.

t test of coefficients:

                                                  Estimate Std. Error  t value
(Intercept)                                       195.3056     1.7593 111.0136
R_INTERNATIONAL_MIG_2018                            5.3567     2.0419   2.6234
Median_Household_Income_2018                      -17.2551     2.7149  -6.3558
Density_per_square_mile_of_land_area_Population     7.6531     2.5278   3.0275
Active_Physicians_per_100000_Population_2018_AAMC  -6.5395     2.0234  -3.2320
Total_nurse_practitioners_2019                      5.1912     1.6315   3.1817
Mean_Annual_Precipitation                         -11.8989     2.6595  -4.4741
Annual_Mean_Range_Temp                              8.3355     2.6685   3.1237
Cardiovascular_diseases_Mortality_Rate_2014        31.0061     3.5403   8.7581
Hypertensive_heart_disease_Mortality_Rate_2014      4.8500     1.8328   2.6463
Leukemia_Mortality_Rate_2014                       13.0517     2.5972   5.0254
Chronic_respiratory_diseases_Mortality_Rate_2014  -21.2756     2.7446  -7.7519
Asthma_Mortality_Rate_2014                          1.7471     2.2972   0.7605
percent_fair_or_poor_health                        14.2735     4.2217   3.3810
percent_smokers                                    -8.4043     3.8058  -2.2083
percent_physically_inactive                        14.0249     3.0636   4.5779
percent_adults_with_diabetes                        7.6098     2.7499   2.7674
percent_insufficient_sleep                        -12.2668     3.0047  -4.0825
                                                               Pr(>|t|)    
(Intercept)                                       < 0.00000000000000022 ***
R_INTERNATIONAL_MIG_2018                                      0.0087477 ** 
Median_Household_Income_2018                        0.00000000023761862 ***
Density_per_square_mile_of_land_area_Population               0.0024859 ** 
Active_Physicians_per_100000_Population_2018_AAMC             0.0012422 ** 
Total_nurse_practitioners_2019                                0.0014784 ** 
Mean_Annual_Precipitation                           0.00000794624364682 ***
Annual_Mean_Range_Temp                                        0.0018023 ** 
Cardiovascular_diseases_Mortality_Rate_2014       < 0.00000000000000022 ***
Hypertensive_heart_disease_Mortality_Rate_2014                0.0081797 ** 
Leukemia_Mortality_Rate_2014                        0.00000053081751129 ***
Chronic_respiratory_diseases_Mortality_Rate_2014    0.00000000000001216 ***
Asthma_Mortality_Rate_2014                                    0.4469955    
percent_fair_or_poor_health                                   0.0007311 ***
percent_smokers                                               0.0272952 *  
percent_physically_inactive                         0.00000487943163835 ***
percent_adults_with_diabetes                                  0.0056848 ** 
percent_insufficient_sleep                          0.00004567417495439 ***
---
Signif. codes:  0 ‘***’ 0.001 ‘**’ 0.01 ‘*’ 0.05 ‘.’ 0.1 ‘ ’ 1
